2026-04-15 10:31:29,428 [INFO] __main__.source.siscobra_planalto - Iniciando pipeline do source=siscobra_planalto
2026-04-15 10:31:29,429 [INFO] __main__.source.siscobra_planalto - Source siscobra_planalto - tentativa 1/10
2026-04-15 10:31:29,429 [INFO] __main__.source.siscobra_planalto - Executando etapa download (try=1).
2026-04-15 10:31:29,429 [INFO] __main__.source.siscobra_planalto - Iniciando login no REVO360 para o ciclo 2026-04-14 (source=siscobra_planalto)
2026-04-15 10:31:59,986 [ERROR] __main__.source.siscobra_planalto - Falha na etapa download: Message: 
Stacktrace:
	chromedriver!GetHandleVerifier [0x41c733+10b73]
	chromedriver!GetHandleVerifier [0x41c864+10ca4]
	chromedriver!(No symbol) [0x1f2100]
	chromedriver!(No symbol) [0x23acba]
	chromedriver!(No symbol) [0x23af5b]
	chromedriver!(No symbol) [0x27d9c2]
	chromedriver!(No symbol) [0x25dc64]
	chromedriver!(No symbol) [0x27b1f4]
	chromedriver!(No symbol) [0x25d9b6]
	chromedriver!(No symbol) [0x230339]
	chromedriver!(No symbol) [0x2310f4]
	chromedriver!GetHandleVerifier [0x67fe04+274244]
	chromedriver!GetHandleVerifier [0x67b459+26f899]
	chromedriver!GetHandleVerifier [0x699bd5+28e015]
	chromedriver!GetHandleVerifier [0x437188+2b5c8]
	chromedriver!GetHandleVerifier [0x43f23d+3367d]
	chromedriver!GetHandleVerifier [0x425138+19578]
	chromedriver!GetHandleVerifier [0x425302+19742]
	chromedriver!GetHandleVerifier [0x40e48f+28cf]
	KERNEL32!BaseThreadInitThunk [0x753b5d49+19]
	ntdll!RtlInitializeExceptionChain [0x7778d81b+6b]
	ntdll!RtlGetAppContainerNamedObjectPath [0x7778d7a1+231]
Traceback (most recent call last):
  File "C:\Projetos\nef-controldesk-revobot-siscobra\src\core\pipeline_orchestrator.py", line 54, in execute_stage_flow
    run_single_stage(stage, logger, state, cycle_date)
    ~~~~~~~~~~~~~~~~^^^^^^^^^^^^^^^^^^^^^^^^^^^^^^^^^^
  File "C:\Projetos\nef-controldesk-revobot-siscobra\main.py", line 1303, in _run_single_stage
    _run_download_stage(logger, state, cycle_date)
    ~~~~~~~~~~~~~~~~~~~^^^^^^^^^^^^^^^^^^^^^^^^^^^
  File "C:\Projetos\nef-controldesk-revobot-siscobra\main.py", line 1094, in _run_download_stage
    realizar_login(driver, wait)
    ~~~~~~~~~~~~~~^^^^^^^^^^^^^^
  File "C:\Projetos\nef-controldesk-revobot-siscobra\src\core\login.py", line 32, in realizar_login
    form_login = wait.until(
        EC.presence_of_element_located(
            (By.CSS_SELECTOR, "form.style_form-ctn-login__jr3S6")
        )
    )
  File "C:\Users\rafael.flores\AppData\Roaming\Python\Python313\site-packages\selenium\webdriver\support\wait.py", line 121, in until
    raise TimeoutException(message, screen, stacktrace)
selenium.common.exceptions.TimeoutException: Message: 
Stacktrace:
	chromedriver!GetHandleVerifier [0x41c733+10b73]
	chromedriver!GetHandleVerifier [0x41c864+10ca4]
	chromedriver!(No symbol) [0x1f2100]
	chromedriver!(No symbol) [0x23acba]
	chromedriver!(No symbol) [0x23af5b]
	chromedriver!(No symbol) [0x27d9c2]
	chromedriver!(No symbol) [0x25dc64]
	chromedriver!(No symbol) [0x27b1f4]
	chromedriver!(No symbol) [0x25d9b6]
	chromedriver!(No symbol) [0x230339]
	chromedriver!(No symbol) [0x2310f4]
	chromedriver!GetHandleVerifier [0x67fe04+274244]
	chromedriver!GetHandleVerifier [0x67b459+26f899]
	chromedriver!GetHandleVerifier [0x699bd5+28e015]
	chromedriver!GetHandleVerifier [0x437188+2b5c8]
	chromedriver!GetHandleVerifier [0x43f23d+3367d]
	chromedriver!GetHandleVerifier [0x425138+19578]
	chromedriver!GetHandleVerifier [0x425302+19742]
	chromedriver!GetHandleVerifier [0x40e48f+28cf]
	KERNEL32!BaseThreadInitThunk [0x753b5d49+19]
	ntdll!RtlInitializeExceptionChain [0x7778d81b+6b]
	ntdll!RtlGetAppContainerNamedObjectPath [0x7778d7a1+231]

2026-04-15 10:32:00,001 [INFO] __main__.source.siscobra_planalto - Etapa prepare bloqueada por dependencia pendente. Pulando nesta tentativa.
2026-04-15 10:32:00,001 [INFO] __main__.source.siscobra_planalto - Etapa send_server desabilitada pelos targets do ciclo. Marcando como SKIPPED.
2026-04-15 10:32:00,002 [INFO] __main__.source.siscobra_planalto - Etapa send_ftp bloqueada por dependencia pendente. Pulando nesta tentativa.
2026-04-15 10:32:00,003 [INFO] __main__.source.siscobra_planalto - Enviando notificacao WhatsApp via WAHA (base_url=http://69.6.221.156:3000, session=default, destinatarios=3).
2026-04-15 10:32:02,150 [ERROR] __main__.source.siscobra_planalto - Falha ao enviar WhatsApp para 556793087866: HTTPConnectionPool(host='69.6.221.156', port=3000): Max retries exceeded with url: /api/sendText (Caused by NewConnectionError("HTTPConnection(host='69.6.221.156', port=3000): Failed to establish a new connection: [WinError 10061] Nenhuma conexão pôde ser feita porque a máquina de destino as recusou ativamente"))
2026-04-15 10:32:04,287 [ERROR] __main__.source.siscobra_planalto - Falha ao enviar WhatsApp para 556781386476: HTTPConnectionPool(host='69.6.221.156', port=3000): Max retries exceeded with url: /api/sendText (Caused by NewConnectionError("HTTPConnection(host='69.6.221.156', port=3000): Failed to establish a new connection: [WinError 10061] Nenhuma conexão pôde ser feita porque a máquina de destino as recusou ativamente"))
2026-04-15 10:32:06,424 [ERROR] __main__.source.siscobra_planalto - Falha ao enviar WhatsApp para 556781376048: HTTPConnectionPool(host='69.6.221.156', port=3000): Max retries exceeded with url: /api/sendText (Caused by NewConnectionError("HTTPConnection(host='69.6.221.156', port=3000): Failed to establish a new connection: [WinError 10061] Nenhuma conexão pôde ser feita porque a máquina de destino as recusou ativamente"))
2026-04-15 10:32:07,637 [INFO] __main__.source.siscobra_planalto - Metricas do source: started=2026-04-15T10:31:29 finished=2026-04-15T10:32:07 duration_s=38.208 category=failed final_stage=download
2026-04-15 10:34:36,368 [INFO] __main__.source.siscobra_planalto - Iniciando pipeline do source=siscobra_planalto
2026-04-15 10:34:36,369 [INFO] __main__.source.siscobra_planalto - Source siscobra_planalto - tentativa 1/10
2026-04-15 10:34:36,369 [INFO] __main__.source.siscobra_planalto - Executando etapa download (try=2).
2026-04-15 10:34:36,369 [INFO] __main__.source.siscobra_planalto - Iniciando login no REVO360 para o ciclo 2026-04-14 (source=siscobra_planalto)
2026-04-15 10:34:57,180 [ERROR] __main__.source.siscobra_planalto - Falha na etapa download: Message: invalid session id: session deleted as the browser has closed the connection
from disconnected: not connected to DevTools
  (Session info: chrome=147.0.7727.56); For documentation on this error, please visit: https://www.selenium.dev/documentation/webdriver/troubleshooting/errors#invalidsessionidexception
Stacktrace:
	chromedriver!GetHandleVerifier [0x41c733+10b73]
	chromedriver!GetHandleVerifier [0x41c864+10ca4]
	chromedriver!(No symbol) [0x1f2100]
	chromedriver!(No symbol) [0x1e109e]
	chromedriver!(No symbol) [0x1ffbd9]
	chromedriver!(No symbol) [0x26464c]
	chromedriver!(No symbol) [0x27ac29]
	chromedriver!(No symbol) [0x25d9b6]
	chromedriver!(No symbol) [0x230339]
	chromedriver!(No symbol) [0x2310f4]
	chromedriver!GetHandleVerifier [0x67fe04+274244]
	chromedriver!GetHandleVerifier [0x67b459+26f899]
	chromedriver!GetHandleVerifier [0x699bd5+28e015]
	chromedriver!GetHandleVerifier [0x437188+2b5c8]
	chromedriver!GetHandleVerifier [0x43f23d+3367d]
	chromedriver!GetHandleVerifier [0x425138+19578]
	chromedriver!GetHandleVerifier [0x425302+19742]
	chromedriver!GetHandleVerifier [0x40e48f+28cf]
	KERNEL32!BaseThreadInitThunk [0x753b5d49+19]
	ntdll!RtlInitializeExceptionChain [0x7778d81b+6b]
	ntdll!RtlGetAppContainerNamedObjectPath [0x7778d7a1+231]
Traceback (most recent call last):
  File "C:\Projetos\nef-controldesk-revobot-siscobra\src\core\pipeline_orchestrator.py", line 54, in execute_stage_flow
    run_single_stage(stage, logger, state, cycle_date)
    ~~~~~~~~~~~~~~~~^^^^^^^^^^^^^^^^^^^^^^^^^^^^^^^^^^
  File "C:\Projetos\nef-controldesk-revobot-siscobra\main.py", line 1303, in _run_single_stage
    _run_download_stage(logger, state, cycle_date)
    ~~~~~~~~~~~~~~~~~~~^^^^^^^^^^^^^^^^^^^^^^^^^^^
  File "C:\Projetos\nef-controldesk-revobot-siscobra\main.py", line 1094, in _run_download_stage
    realizar_login(driver, wait)
    ~~~~~~~~~~~~~~^^^^^^^^^^^^^^
  File "C:\Projetos\nef-controldesk-revobot-siscobra\src\core\login.py", line 32, in realizar_login
    form_login = wait.until(
        EC.presence_of_element_located(
            (By.CSS_SELECTOR, "form.style_form-ctn-login__jr3S6")
        )
    )
  File "C:\Users\rafael.flores\AppData\Roaming\Python\Python313\site-packages\selenium\webdriver\support\wait.py", line 112, in until
    value = method(self._driver)
  File "C:\Users\rafael.flores\AppData\Roaming\Python\Python313\site-packages\selenium\webdriver\support\expected_conditions.py", line 92, in _predicate
    return driver.find_element(*locator)
           ~~~~~~~~~~~~~~~~~~~^^^^^^^^^^
  File "C:\Users\rafael.flores\AppData\Roaming\Python\Python313\site-packages\selenium\webdriver\remote\webdriver.py", line 816, in find_element
    return self.execute(Command.FIND_ELEMENT, {"using": by, "value": value})["value"]
           ~~~~~~~~~~~~^^^^^^^^^^^^^^^^^^^^^^^^^^^^^^^^^^^^^^^^^^^^^^^^^^^^^
  File "C:\Users\rafael.flores\AppData\Roaming\Python\Python313\site-packages\selenium\webdriver\remote\webdriver.py", line 446, in execute
    self.error_handler.check_response(response)
    ~~~~~~~~~~~~~~~~~~~~~~~~~~~~~~~~~^^^^^^^^^^
  File "C:\Users\rafael.flores\AppData\Roaming\Python\Python313\site-packages\selenium\webdriver\remote\errorhandler.py", line 232, in check_response
    raise exception_class(message, screen, stacktrace)
selenium.common.exceptions.InvalidSessionIdException: Message: invalid session id: session deleted as the browser has closed the connection
from disconnected: not connected to DevTools
  (Session info: chrome=147.0.7727.56); For documentation on this error, please visit: https://www.selenium.dev/documentation/webdriver/troubleshooting/errors#invalidsessionidexception
Stacktrace:
	chromedriver!GetHandleVerifier [0x41c733+10b73]
	chromedriver!GetHandleVerifier [0x41c864+10ca4]
	chromedriver!(No symbol) [0x1f2100]
	chromedriver!(No symbol) [0x1e109e]
	chromedriver!(No symbol) [0x1ffbd9]
	chromedriver!(No symbol) [0x26464c]
	chromedriver!(No symbol) [0x27ac29]
	chromedriver!(No symbol) [0x25d9b6]
	chromedriver!(No symbol) [0x230339]
	chromedriver!(No symbol) [0x2310f4]
	chromedriver!GetHandleVerifier [0x67fe04+274244]
	chromedriver!GetHandleVerifier [0x67b459+26f899]
	chromedriver!GetHandleVerifier [0x699bd5+28e015]
	chromedriver!GetHandleVerifier [0x437188+2b5c8]
	chromedriver!GetHandleVerifier [0x43f23d+3367d]
	chromedriver!GetHandleVerifier [0x425138+19578]
	chromedriver!GetHandleVerifier [0x425302+19742]
	chromedriver!GetHandleVerifier [0x40e48f+28cf]
	KERNEL32!BaseThreadInitThunk [0x753b5d49+19]
	ntdll!RtlInitializeExceptionChain [0x7778d81b+6b]
	ntdll!RtlGetAppContainerNamedObjectPath [0x7778d7a1+231]

2026-04-15 10:34:57,222 [INFO] __main__.source.siscobra_planalto - Etapa prepare bloqueada por dependencia pendente. Pulando nesta tentativa.
2026-04-15 10:34:57,222 [INFO] __main__.source.siscobra_planalto - Etapa send_server desabilitada pelos targets do ciclo. Marcando como SKIPPED.
2026-04-15 10:34:57,223 [INFO] __main__.source.siscobra_planalto - Etapa send_ftp bloqueada por dependencia pendente. Pulando nesta tentativa.
2026-04-15 10:34:57,225 [INFO] __main__.source.siscobra_planalto - Enviando notificacao WhatsApp via WAHA (base_url=http://69.6.221.156:3000, session=default, destinatarios=3).
2026-04-15 10:34:59,355 [ERROR] __main__.source.siscobra_planalto - Falha ao enviar WhatsApp para 556793087866: HTTPConnectionPool(host='69.6.221.156', port=3000): Max retries exceeded with url: /api/sendText (Caused by NewConnectionError("HTTPConnection(host='69.6.221.156', port=3000): Failed to establish a new connection: [WinError 10061] Nenhuma conexão pôde ser feita porque a máquina de destino as recusou ativamente"))
2026-04-15 10:35:01,500 [ERROR] __main__.source.siscobra_planalto - Falha ao enviar WhatsApp para 556781386476: HTTPConnectionPool(host='69.6.221.156', port=3000): Max retries exceeded with url: /api/sendText (Caused by NewConnectionError("HTTPConnection(host='69.6.221.156', port=3000): Failed to establish a new connection: [WinError 10061] Nenhuma conexão pôde ser feita porque a máquina de destino as recusou ativamente"))
2026-04-15 10:35:03,664 [ERROR] __main__.source.siscobra_planalto - Falha ao enviar WhatsApp para 556781376048: HTTPConnectionPool(host='69.6.221.156', port=3000): Max retries exceeded with url: /api/sendText (Caused by NewConnectionError("HTTPConnection(host='69.6.221.156', port=3000): Failed to establish a new connection: [WinError 10061] Nenhuma conexão pôde ser feita porque a máquina de destino as recusou ativamente"))
2026-04-15 10:35:04,861 [INFO] __main__.source.siscobra_planalto - Resumo enviado ao Google Chat.
2026-04-15 10:35:08,292 [WARNING] __main__.source.siscobra_planalto - Source siscobra_planalto falhou. Nova tentativa em 1800 segundos.
2026-04-15 10:41:27,276 [INFO] __main__.source.siscobra_planalto - Metricas do source: started=2026-04-15T10:34:36 finished=2026-04-15T10:41:27 duration_s=410.907 category=failed final_stage=download
2026-04-15 10:41:31,366 [INFO] __main__.source.siscobra_planalto - Iniciando pipeline do source=siscobra_planalto
2026-04-15 10:41:31,368 [INFO] __main__.source.siscobra_planalto - Source siscobra_planalto - tentativa 1/10
2026-04-15 10:41:31,368 [INFO] __main__.source.siscobra_planalto - Executando etapa download (try=3).
2026-04-15 10:41:31,368 [INFO] __main__.source.siscobra_planalto - Iniciando login no REVO360 para o ciclo 2026-04-14 (source=siscobra_planalto)
2026-04-15 10:41:48,101 [INFO] __main__.source.siscobra_planalto - Login realizado com sucesso
2026-04-15 10:41:48,102 [INFO] __main__.source.siscobra_planalto - File Manager sera consultado via navegacao e form submit no navegador autenticado
2026-04-15 10:41:48,102 [INFO] __main__.source.siscobra_planalto - Consultando pasta remota no navegador autenticado: Exportação Siscobra Planalto
2026-04-15 10:41:48,561 [INFO] __main__.source.siscobra_planalto - Listagem via navegacao do navegador concluida: 34 item(ns) em 'Exportação Siscobra Planalto'
2026-04-15 10:41:48,562 [INFO] __main__.source.siscobra_planalto - Arquivo selecionado para o ciclo 2026-04-14 (source=siscobra_planalto): Exportacao_Siscobra_Planalto_20260414.csv
2026-04-15 10:41:48,563 [INFO] __main__.source.siscobra_planalto - Iniciando download via form submit no navegador: Exportacao_Siscobra_Planalto_20260414.csv
2026-04-15 10:41:48,834 [INFO] __main__.source.siscobra_planalto - Download disparado. Aguardando arquivo no diretorio configurado: C:\Projetos\nef-controldesk-revobot-siscobra\downloads
2026-04-15 10:41:49,336 [INFO] __main__.source.siscobra_planalto - Download via navegador concluido: Exportacao_Siscobra_Planalto_20260414.csv
2026-04-15 10:41:49,337 [INFO] __main__.source.siscobra_planalto - Arquivo salvo em: C:\Projetos\nef-controldesk-revobot-siscobra\downloads\Exportacao_Siscobra_Planalto_20260414.csv
2026-04-15 10:41:49,337 [INFO] __main__.source.siscobra_planalto - Tamanho final do arquivo salvo: 277849 bytes
2026-04-15 10:41:49,337 [INFO] __main__.source.siscobra_planalto - Tempo total do download: 0.77s
2026-04-15 10:41:51,491 [INFO] __main__.source.siscobra_planalto - Etapa download concluida com sucesso.
2026-04-15 10:41:51,493 [INFO] __main__.source.siscobra_planalto - Executando etapa prepare (try=1).
2026-04-15 10:41:51,929 [INFO] __main__.source.siscobra_planalto - Prepare concluido: C:\Projetos\nef-controldesk-revobot-siscobra\downloads\LOCAL_3953_190_NABARRETEFERRO_ACIONAMENTOS_20260414_103129.csv
2026-04-15 10:41:51,929 [INFO] __main__.source.siscobra_planalto - Etapa prepare concluida com sucesso.
2026-04-15 10:41:51,930 [INFO] __main__.source.siscobra_planalto - Etapa send_server desabilitada pelos targets do ciclo. Marcando como SKIPPED.
2026-04-15 10:41:51,932 [INFO] __main__.source.siscobra_planalto - Executando etapa send_ftp (try=1).
2026-04-15 10:41:52,383 [ERROR] __main__.source.siscobra_planalto - Falha na etapa send_ftp: 530 User cannot log in.
Traceback (most recent call last):
  File "C:\Projetos\nef-controldesk-revobot-siscobra\src\core\pipeline_orchestrator.py", line 54, in execute_stage_flow
    run_single_stage(stage, logger, state, cycle_date)
    ~~~~~~~~~~~~~~~~^^^^^^^^^^^^^^^^^^^^^^^^^^^^^^^^^^
  File "C:\Projetos\nef-controldesk-revobot-siscobra\main.py", line 1312, in _run_single_stage
    _run_send_ftp_stage(logger, state)
    ~~~~~~~~~~~~~~~~~~~^^^^^^^^^^^^^^^
  File "C:\Projetos\nef-controldesk-revobot-siscobra\main.py", line 1298, in _run_send_ftp_stage
    enviar_arquivo_ftp(prepared, ftp_dir=ftp_dir)
    ~~~~~~~~~~~~~~~~~~^^^^^^^^^^^^^^^^^^^^^^^^^^^
  File "C:\Projetos\nef-controldesk-revobot-siscobra\src\core\download.py", line 540, in enviar_arquivo_ftp
    ftp = _abrir_conexao_ftp(
        contexto,
    ...<2 lines>...
        ftp_dir=ftp_dir,
    )
  File "C:\Projetos\nef-controldesk-revobot-siscobra\src\core\download.py", line 153, in _abrir_conexao_ftp
    ftp.login(FTP_USER, FTP_PASSWORD)
    ~~~~~~~~~^^^^^^^^^^^^^^^^^^^^^^^^
  File "C:\Program Files\Python313\Lib\ftplib.py", line 724, in login
    return super().login(user, passwd, acct)
           ~~~~~~~~~~~~~^^^^^^^^^^^^^^^^^^^^
  File "C:\Program Files\Python313\Lib\ftplib.py", line 414, in login
    resp = self.sendcmd('PASS ' + passwd)
  File "C:\Program Files\Python313\Lib\ftplib.py", line 281, in sendcmd
    return self.getresp()
           ~~~~~~~~~~~~^^
  File "C:\Program Files\Python313\Lib\ftplib.py", line 254, in getresp
    raise error_perm(resp)
ftplib.error_perm: 530 User cannot log in.
2026-04-15 10:41:52,388 [INFO] __main__.source.siscobra_planalto - Enviando notificacao WhatsApp via WAHA (base_url=http://69.6.221.156:3000, session=default, destinatarios=3).
2026-04-15 10:41:54,502 [ERROR] __main__.source.siscobra_planalto - Falha ao enviar WhatsApp para 556793087866: HTTPConnectionPool(host='69.6.221.156', port=3000): Max retries exceeded with url: /api/sendText (Caused by NewConnectionError("HTTPConnection(host='69.6.221.156', port=3000): Failed to establish a new connection: [WinError 10061] Nenhuma conexão pôde ser feita porque a máquina de destino as recusou ativamente"))
2026-04-15 10:41:56,661 [ERROR] __main__.source.siscobra_planalto - Falha ao enviar WhatsApp para 556781386476: HTTPConnectionPool(host='69.6.221.156', port=3000): Max retries exceeded with url: /api/sendText (Caused by NewConnectionError("HTTPConnection(host='69.6.221.156', port=3000): Failed to establish a new connection: [WinError 10061] Nenhuma conexão pôde ser feita porque a máquina de destino as recusou ativamente"))
2026-04-15 10:41:58,804 [ERROR] __main__.source.siscobra_planalto - Falha ao enviar WhatsApp para 556781376048: HTTPConnectionPool(host='69.6.221.156', port=3000): Max retries exceeded with url: /api/sendText (Caused by NewConnectionError("HTTPConnection(host='69.6.221.156', port=3000): Failed to establish a new connection: [WinError 10061] Nenhuma conexão pôde ser feita porque a máquina de destino as recusou ativamente"))
2026-04-15 10:42:00,004 [INFO] __main__.source.siscobra_planalto - Resumo enviado ao Google Chat.
2026-04-15 10:42:02,775 [WARNING] __main__.source.siscobra_planalto - Source siscobra_planalto falhou. Nova tentativa em 1800 segundos.
2026-04-15 10:43:40,035 [INFO] __main__.source.siscobra_planalto - Metricas do source: started=2026-04-15T10:41:31 finished=2026-04-15T10:43:40 duration_s=128.667 category=failed final_stage=send_ftp
2026-04-15 10:48:27,765 [WARNING] __main__.source.siscobra_planalto - Checkpoint invalido para download: arquivo nao existe em disco (C:\Projetos\nef-controldesk-revobot-siscobra\downloads\Exportacao_Siscobra_Planalto_20260414.csv).
2026-04-15 10:48:27,766 [WARNING] __main__.source.siscobra_planalto - Checkpoint invalido para prepare: arquivo nao existe em disco (C:\Projetos\nef-controldesk-revobot-siscobra\downloads\LOCAL_3953_190_NABARRETEFERRO_ACIONAMENTOS_20260414_103129.csv).
2026-04-15 10:48:27,772 [INFO] __main__.source.siscobra_planalto - Iniciando pipeline do source=siscobra_planalto
2026-04-15 10:48:27,774 [INFO] __main__.source.siscobra_planalto - Source siscobra_planalto - tentativa 1/10
2026-04-15 10:48:27,774 [INFO] __main__.source.siscobra_planalto - Executando etapa download (try=1).
2026-04-15 10:48:27,775 [INFO] __main__.source.siscobra_planalto - Iniciando login no REVO360 para o ciclo 2026-04-14 (source=siscobra_planalto)
2026-04-15 10:48:49,180 [INFO] __main__.source.siscobra_planalto - Login realizado com sucesso
2026-04-15 10:48:49,180 [INFO] __main__.source.siscobra_planalto - File Manager sera consultado via navegacao e form submit no navegador autenticado
2026-04-15 10:48:49,180 [INFO] __main__.source.siscobra_planalto - Consultando pasta remota no navegador autenticado: Exportação Siscobra Planalto
2026-04-15 10:48:49,519 [INFO] __main__.source.siscobra_planalto - Listagem via navegacao do navegador concluida: 34 item(ns) em 'Exportação Siscobra Planalto'
2026-04-15 10:48:49,519 [INFO] __main__.source.siscobra_planalto - Arquivo selecionado para o ciclo 2026-04-14 (source=siscobra_planalto): Exportacao_Siscobra_Planalto_20260414.csv
2026-04-15 10:48:49,520 [INFO] __main__.source.siscobra_planalto - Iniciando download via form submit no navegador: Exportacao_Siscobra_Planalto_20260414.csv
2026-04-15 10:48:49,708 [INFO] __main__.source.siscobra_planalto - Download disparado. Aguardando arquivo no diretorio configurado: C:\Projetos\nef-controldesk-revobot-siscobra\downloads
2026-04-15 10:48:50,213 [INFO] __main__.source.siscobra_planalto - Download via navegador concluido: Exportacao_Siscobra_Planalto_20260414.csv
2026-04-15 10:48:50,214 [INFO] __main__.source.siscobra_planalto - Arquivo salvo em: C:\Projetos\nef-controldesk-revobot-siscobra\downloads\Exportacao_Siscobra_Planalto_20260414.csv
2026-04-15 10:48:50,214 [INFO] __main__.source.siscobra_planalto - Tamanho final do arquivo salvo: 277849 bytes
2026-04-15 10:48:50,214 [INFO] __main__.source.siscobra_planalto - Tempo total do download: 0.69s
2026-04-15 10:48:52,374 [INFO] __main__.source.siscobra_planalto - Etapa download concluida com sucesso.
2026-04-15 10:48:52,376 [INFO] __main__.source.siscobra_planalto - Executando etapa prepare (try=1).
2026-04-15 10:48:52,792 [INFO] __main__.source.siscobra_planalto - Prepare concluido: C:\Projetos\nef-controldesk-revobot-siscobra\downloads\LOCAL_3953_190_NABARRETEFERRO_ACIONAMENTOS_20260414_103129.csv
2026-04-15 10:48:52,792 [INFO] __main__.source.siscobra_planalto - Etapa prepare concluida com sucesso.
2026-04-15 10:48:52,793 [INFO] __main__.source.siscobra_planalto - Etapa send_server desabilitada pelos targets do ciclo. Marcando como SKIPPED.
2026-04-15 10:48:52,794 [INFO] __main__.source.siscobra_planalto - Executando etapa send_ftp (try=1).
2026-04-15 10:49:24,486 [INFO] __main__.source.siscobra_planalto - Etapa send_ftp concluida com sucesso.
2026-04-15 10:49:24,488 [INFO] __main__.source.siscobra_planalto - Enviando notificacao WhatsApp via WAHA (base_url=http://69.6.221.156:3000, session=default, destinatarios=3).
2026-04-15 10:49:26,628 [ERROR] __main__.source.siscobra_planalto - Falha ao enviar WhatsApp para 556793087866: HTTPConnectionPool(host='69.6.221.156', port=3000): Max retries exceeded with url: /api/sendText (Caused by NewConnectionError("HTTPConnection(host='69.6.221.156', port=3000): Failed to establish a new connection: [WinError 10061] Nenhuma conexão pôde ser feita porque a máquina de destino as recusou ativamente"))
2026-04-15 10:49:28,751 [ERROR] __main__.source.siscobra_planalto - Falha ao enviar WhatsApp para 556781386476: HTTPConnectionPool(host='69.6.221.156', port=3000): Max retries exceeded with url: /api/sendText (Caused by NewConnectionError("HTTPConnection(host='69.6.221.156', port=3000): Failed to establish a new connection: [WinError 10061] Nenhuma conexão pôde ser feita porque a máquina de destino as recusou ativamente"))
2026-04-15 10:49:30,880 [ERROR] __main__.source.siscobra_planalto - Falha ao enviar WhatsApp para 556781376048: HTTPConnectionPool(host='69.6.221.156', port=3000): Max retries exceeded with url: /api/sendText (Caused by NewConnectionError("HTTPConnection(host='69.6.221.156', port=3000): Failed to establish a new connection: [WinError 10061] Nenhuma conexão pôde ser feita porque a máquina de destino as recusou ativamente"))
2026-04-15 10:49:32,489 [INFO] __main__.source.siscobra_planalto - Resumo enviado ao Google Chat.
2026-04-15 10:49:34,953 [INFO] __main__.source.siscobra_planalto - Source siscobra_planalto concluido com sucesso na tentativa 1.
2026-04-15 10:49:34,953 [INFO] __main__.source.siscobra_planalto - Enviando notificacao WhatsApp via WAHA (base_url=http://69.6.221.156:3000, session=default, destinatarios=3).
2026-04-15 10:49:37,061 [ERROR] __main__.source.siscobra_planalto - Falha ao enviar WhatsApp para 556793087866: HTTPConnectionPool(host='69.6.221.156', port=3000): Max retries exceeded with url: /api/sendText (Caused by NewConnectionError("HTTPConnection(host='69.6.221.156', port=3000): Failed to establish a new connection: [WinError 10061] Nenhuma conexão pôde ser feita porque a máquina de destino as recusou ativamente"))
2026-04-15 10:49:39,198 [ERROR] __main__.source.siscobra_planalto - Falha ao enviar WhatsApp para 556781386476: HTTPConnectionPool(host='69.6.221.156', port=3000): Max retries exceeded with url: /api/sendText (Caused by NewConnectionError("HTTPConnection(host='69.6.221.156', port=3000): Failed to establish a new connection: [WinError 10061] Nenhuma conexão pôde ser feita porque a máquina de destino as recusou ativamente"))
2026-04-15 10:49:41,311 [ERROR] __main__.source.siscobra_planalto - Falha ao enviar WhatsApp para 556781376048: HTTPConnectionPool(host='69.6.221.156', port=3000): Max retries exceeded with url: /api/sendText (Caused by NewConnectionError("HTTPConnection(host='69.6.221.156', port=3000): Failed to establish a new connection: [WinError 10061] Nenhuma conexão pôde ser feita porque a máquina de destino as recusou ativamente"))
2026-04-15 10:49:42,492 [INFO] __main__.source.siscobra_planalto - Resumo enviado ao Google Chat.
2026-04-15 10:49:44,587 [INFO] __main__.source.siscobra_planalto - Metricas do source: started=2026-04-15T10:48:27 finished=2026-04-15T10:49:44 duration_s=76.814 category=failed final_stage=send_ftp
