2026-04-15 10:31:29,420 [INFO] __main__ - Log iniciado em: C:\Projetos\nef-controldesk-revobot-siscobra\downloads\logs\execucao_20260415_103129.log
2026-04-15 10:31:29,422 [WARNING] __main__ - Execucao manual solicitada para ciclo 2026-04-14 (server=False ftp=True).
2026-04-15 10:31:29,423 [INFO] __main__ - Lock de instancia adquirido: C:\Projetos\nef-controldesk-revobot-siscobra\downloads\logs\revo360.lock
2026-04-15 10:31:29,423 [WARNING] __main__ - Execucao forcada: ignorando o agendamento configurado.
2026-04-15 10:31:29,423 [INFO] __main__ - Inicio do ciclo 2026-04-14 em 2026-04-15T10:31:29
2026-04-15 10:31:29,425 [INFO] __main__ - Ciclo 2026-04-14 carregado com targets: server=False ftp=True
2026-04-15 10:31:29,425 [INFO] __main__ - Pre-validacao de configuracao concluida: 3 source(s) configurado(s).
2026-04-15 10:31:29,425 [INFO] __main__ - Source selecionado manualmente: siscobra_planalto
2026-04-15 10:31:29,425 [INFO] __main__ - Sources habilitados para este ciclo (1): siscobra_planalto
2026-04-15 10:31:29,426 [INFO] __main__ - Processando source 1/1: siscobra_planalto
2026-04-15 10:31:29,428 [INFO] __main__.source.siscobra_planalto - Iniciando pipeline do source=siscobra_planalto
2026-04-15 10:31:29,429 [INFO] __main__.source.siscobra_planalto - Source siscobra_planalto - tentativa 1/10
2026-04-15 10:31:29,429 [INFO] __main__.source.siscobra_planalto - Executando etapa download (try=1).
2026-04-15 10:31:29,429 [INFO] __main__.source.siscobra_planalto - Iniciando login no REVO360 para o ciclo 2026-04-14 (source=siscobra_planalto)
2026-04-15 10:31:29,430 [INFO] WDM - ====== WebDriver manager ======
2026-04-15 10:31:30,497 [INFO] WDM - Get LATEST chromedriver version for google-chrome
2026-04-15 10:31:30,868 [INFO] WDM - Get LATEST chromedriver version for google-chrome
2026-04-15 10:31:31,154 [INFO] WDM - There is no [win64] chromedriver "147.0.7727.56" for browser google-chrome "147.0.7727" in cache
2026-04-15 10:31:31,155 [INFO] WDM - Get LATEST chromedriver version for google-chrome
2026-04-15 10:31:31,838 [INFO] WDM - WebDriver version 147.0.7727.56 selected
2026-04-15 10:31:31,845 [INFO] WDM - Modern chrome version https://storage.googleapis.com/chrome-for-testing-public/147.0.7727.56/win32/chromedriver-win32.zip
2026-04-15 10:31:31,845 [INFO] WDM - About to download new driver from https://storage.googleapis.com/chrome-for-testing-public/147.0.7727.56/win32/chromedriver-win32.zip
2026-04-15 10:31:32,250 [INFO] WDM - Driver downloading response is 200
2026-04-15 10:31:33,153 [INFO] WDM - Get LATEST chromedriver version for google-chrome
2026-04-15 10:31:33,539 [INFO] WDM - Driver has been saved in cache [C:\Users\rafael.flores\.wdm\drivers\chromedriver\win64\147.0.7727.56]
2026-04-15 10:31:59,986 [ERROR] __main__.source.siscobra_planalto - Falha na etapa download: Message: 
Stacktrace:
	chromedriver!GetHandleVerifier [0x41c733+10b73]
	chromedriver!GetHandleVerifier [0x41c864+10ca4]
	chromedriver!(No symbol) [0x1f2100]
	chromedriver!(No symbol) [0x23acba]
	chromedriver!(No symbol) [0x23af5b]
	chromedriver!(No symbol) [0x27d9c2]
	chromedriver!(No symbol) [0x25dc64]
	chromedriver!(No symbol) [0x27b1f4]
	chromedriver!(No symbol) [0x25d9b6]
	chromedriver!(No symbol) [0x230339]
	chromedriver!(No symbol) [0x2310f4]
	chromedriver!GetHandleVerifier [0x67fe04+274244]
	chromedriver!GetHandleVerifier [0x67b459+26f899]
	chromedriver!GetHandleVerifier [0x699bd5+28e015]
	chromedriver!GetHandleVerifier [0x437188+2b5c8]
	chromedriver!GetHandleVerifier [0x43f23d+3367d]
	chromedriver!GetHandleVerifier [0x425138+19578]
	chromedriver!GetHandleVerifier [0x425302+19742]
	chromedriver!GetHandleVerifier [0x40e48f+28cf]
	KERNEL32!BaseThreadInitThunk [0x753b5d49+19]
	ntdll!RtlInitializeExceptionChain [0x7778d81b+6b]
	ntdll!RtlGetAppContainerNamedObjectPath [0x7778d7a1+231]
Traceback (most recent call last):
  File "C:\Projetos\nef-controldesk-revobot-siscobra\src\core\pipeline_orchestrator.py", line 54, in execute_stage_flow
    run_single_stage(stage, logger, state, cycle_date)
    ~~~~~~~~~~~~~~~~^^^^^^^^^^^^^^^^^^^^^^^^^^^^^^^^^^
  File "C:\Projetos\nef-controldesk-revobot-siscobra\main.py", line 1303, in _run_single_stage
    _run_download_stage(logger, state, cycle_date)
    ~~~~~~~~~~~~~~~~~~~^^^^^^^^^^^^^^^^^^^^^^^^^^^
  File "C:\Projetos\nef-controldesk-revobot-siscobra\main.py", line 1094, in _run_download_stage
    realizar_login(driver, wait)
    ~~~~~~~~~~~~~~^^^^^^^^^^^^^^
  File "C:\Projetos\nef-controldesk-revobot-siscobra\src\core\login.py", line 32, in realizar_login
    form_login = wait.until(
        EC.presence_of_element_located(
            (By.CSS_SELECTOR, "form.style_form-ctn-login__jr3S6")
        )
    )
  File "C:\Users\rafael.flores\AppData\Roaming\Python\Python313\site-packages\selenium\webdriver\support\wait.py", line 121, in until
    raise TimeoutException(message, screen, stacktrace)
selenium.common.exceptions.TimeoutException: Message: 
Stacktrace:
	chromedriver!GetHandleVerifier [0x41c733+10b73]
	chromedriver!GetHandleVerifier [0x41c864+10ca4]
	chromedriver!(No symbol) [0x1f2100]
	chromedriver!(No symbol) [0x23acba]
	chromedriver!(No symbol) [0x23af5b]
	chromedriver!(No symbol) [0x27d9c2]
	chromedriver!(No symbol) [0x25dc64]
	chromedriver!(No symbol) [0x27b1f4]
	chromedriver!(No symbol) [0x25d9b6]
	chromedriver!(No symbol) [0x230339]
	chromedriver!(No symbol) [0x2310f4]
	chromedriver!GetHandleVerifier [0x67fe04+274244]
	chromedriver!GetHandleVerifier [0x67b459+26f899]
	chromedriver!GetHandleVerifier [0x699bd5+28e015]
	chromedriver!GetHandleVerifier [0x437188+2b5c8]
	chromedriver!GetHandleVerifier [0x43f23d+3367d]
	chromedriver!GetHandleVerifier [0x425138+19578]
	chromedriver!GetHandleVerifier [0x425302+19742]
	chromedriver!GetHandleVerifier [0x40e48f+28cf]
	KERNEL32!BaseThreadInitThunk [0x753b5d49+19]
	ntdll!RtlInitializeExceptionChain [0x7778d81b+6b]
	ntdll!RtlGetAppContainerNamedObjectPath [0x7778d7a1+231]

2026-04-15 10:32:00,001 [INFO] __main__.source.siscobra_planalto - Etapa prepare bloqueada por dependencia pendente. Pulando nesta tentativa.
2026-04-15 10:32:00,001 [INFO] __main__.source.siscobra_planalto - Etapa send_server desabilitada pelos targets do ciclo. Marcando como SKIPPED.
2026-04-15 10:32:00,002 [INFO] __main__.source.siscobra_planalto - Etapa send_ftp bloqueada por dependencia pendente. Pulando nesta tentativa.
2026-04-15 10:32:00,003 [INFO] __main__.source.siscobra_planalto - Enviando notificacao WhatsApp via WAHA (base_url=http://69.6.221.156:3000, session=default, destinatarios=3).
2026-04-15 10:32:02,150 [ERROR] __main__.source.siscobra_planalto - Falha ao enviar WhatsApp para 556793087866: HTTPConnectionPool(host='69.6.221.156', port=3000): Max retries exceeded with url: /api/sendText (Caused by NewConnectionError("HTTPConnection(host='69.6.221.156', port=3000): Failed to establish a new connection: [WinError 10061] Nenhuma conexão pôde ser feita porque a máquina de destino as recusou ativamente"))
2026-04-15 10:32:04,287 [ERROR] __main__.source.siscobra_planalto - Falha ao enviar WhatsApp para 556781386476: HTTPConnectionPool(host='69.6.221.156', port=3000): Max retries exceeded with url: /api/sendText (Caused by NewConnectionError("HTTPConnection(host='69.6.221.156', port=3000): Failed to establish a new connection: [WinError 10061] Nenhuma conexão pôde ser feita porque a máquina de destino as recusou ativamente"))
2026-04-15 10:32:06,424 [ERROR] __main__.source.siscobra_planalto - Falha ao enviar WhatsApp para 556781376048: HTTPConnectionPool(host='69.6.221.156', port=3000): Max retries exceeded with url: /api/sendText (Caused by NewConnectionError("HTTPConnection(host='69.6.221.156', port=3000): Failed to establish a new connection: [WinError 10061] Nenhuma conexão pôde ser feita porque a máquina de destino as recusou ativamente"))
2026-04-15 10:32:07,637 [INFO] __main__.source.siscobra_planalto - Metricas do source: started=2026-04-15T10:31:29 finished=2026-04-15T10:32:07 duration_s=38.208 category=failed final_stage=download
2026-04-15 10:32:07,637 [INFO] __main__ - Lock de instancia removido: C:\Projetos\nef-controldesk-revobot-siscobra\downloads\logs\revo360.lock
2026-04-15 10:32:07,637 [INFO] __main__ - Execucao interrompida pelo usuario (Ctrl+C).
