2026-04-15 11:02:54,299 [INFO] __main__ - Log iniciado em: C:\Projetos\nef-controldesk-revobot-siscobra\downloads\logs\execucao_20260415_110254.log
2026-04-15 11:02:54,302 [WARNING] __main__ - Execucao manual solicitada para ciclo 2026-04-14 (server=False ftp=True).
2026-04-15 11:02:54,303 [INFO] __main__ - Lock de instancia adquirido: C:\Projetos\nef-controldesk-revobot-siscobra\downloads\logs\revo360.lock
2026-04-15 11:02:54,303 [WARNING] __main__ - Execucao forcada: ignorando o agendamento configurado.
2026-04-15 11:02:54,304 [INFO] __main__ - Inicio do ciclo 2026-04-14 em 2026-04-15T11:02:54
2026-04-15 11:02:54,319 [INFO] __main__ - Ciclo 2026-04-14 carregado com targets: server=False ftp=True
2026-04-15 11:02:54,320 [INFO] __main__ - Pre-validacao de configuracao concluida: 3 source(s) configurado(s).
2026-04-15 11:02:54,320 [INFO] __main__ - Source selecionado manualmente: siscobra_sudoeste
2026-04-15 11:02:54,320 [INFO] __main__ - Sources habilitados para este ciclo (1): siscobra_sudoeste
2026-04-15 11:02:54,320 [INFO] __main__ - Processando source 1/1: siscobra_sudoeste
2026-04-15 11:02:54,321 [INFO] __main__.source.siscobra_sudoeste - Iniciando pipeline do source=siscobra_sudoeste
2026-04-15 11:02:54,323 [INFO] __main__.source.siscobra_sudoeste - Source siscobra_sudoeste - tentativa 1/10
2026-04-15 11:02:54,323 [INFO] __main__.source.siscobra_sudoeste - Executando etapa download (try=5).
2026-04-15 11:02:54,324 [INFO] __main__.source.siscobra_sudoeste - Iniciando login no REVO360 para o ciclo 2026-04-14 (source=siscobra_sudoeste)
2026-04-15 11:02:54,324 [INFO] WDM - ====== WebDriver manager ======
2026-04-15 11:02:55,123 [INFO] WDM - Get LATEST chromedriver version for google-chrome
2026-04-15 11:02:55,463 [INFO] WDM - Get LATEST chromedriver version for google-chrome
2026-04-15 11:02:55,769 [INFO] WDM - Driver [C:\Users\rafael.flores\.wdm\drivers\chromedriver\win64\147.0.7727.56\chromedriver-win32/chromedriver.exe] found in cache
2026-04-15 11:03:22,978 [ERROR] __main__.source.siscobra_sudoeste - Falha na etapa download: Falha no login: autenticacao nao confirmada. URL atual: https://nef.revo360.io/login.html
Traceback (most recent call last):
  File "C:\Projetos\nef-controldesk-revobot-siscobra\src\core\login.py", line 76, in realizar_login
    wait.until(
    ~~~~~~~~~~^
        lambda d: (
        ^^^^^^^^^^^
    ...<7 lines>...
        )
        ^
    )
    ^
  File "C:\Users\rafael.flores\AppData\Roaming\Python\Python313\site-packages\selenium\webdriver\support\wait.py", line 121, in until
    raise TimeoutException(message, screen, stacktrace)
selenium.common.exceptions.TimeoutException: Message: 


The above exception was the direct cause of the following exception:

Traceback (most recent call last):
  File "C:\Projetos\nef-controldesk-revobot-siscobra\src\core\pipeline_orchestrator.py", line 54, in execute_stage_flow
    run_single_stage(stage, logger, state, cycle_date)
    ~~~~~~~~~~~~~~~~^^^^^^^^^^^^^^^^^^^^^^^^^^^^^^^^^^
  File "C:\Projetos\nef-controldesk-revobot-siscobra\main.py", line 1303, in _run_single_stage
    _run_download_stage(logger, state, cycle_date)
    ~~~~~~~~~~~~~~~~~~~^^^^^^^^^^^^^^^^^^^^^^^^^^^
  File "C:\Projetos\nef-controldesk-revobot-siscobra\main.py", line 1094, in _run_download_stage
    realizar_login(driver, wait)
    ~~~~~~~~~~~~~~^^^^^^^^^^^^^^
  File "C:\Projetos\nef-controldesk-revobot-siscobra\src\core\login.py", line 88, in realizar_login
    raise RuntimeError(
        f"Falha no login: autenticacao nao confirmada. URL atual: {driver.current_url}"
    ) from exc
RuntimeError: Falha no login: autenticacao nao confirmada. URL atual: https://nef.revo360.io/login.html
2026-04-15 11:03:22,982 [INFO] __main__.source.siscobra_sudoeste - Etapa prepare bloqueada por dependencia pendente. Pulando nesta tentativa.
2026-04-15 11:03:22,982 [INFO] __main__.source.siscobra_sudoeste - Etapa send_server desabilitada pelos targets do ciclo. Marcando como SKIPPED.
2026-04-15 11:03:22,984 [INFO] __main__.source.siscobra_sudoeste - Etapa send_ftp bloqueada por dependencia pendente. Pulando nesta tentativa.
2026-04-15 11:03:22,985 [INFO] __main__.source.siscobra_sudoeste - Enviando notificacao WhatsApp via WAHA (base_url=http://69.6.221.156:3000, session=default, destinatarios=3).
2026-04-15 11:03:25,095 [ERROR] __main__.source.siscobra_sudoeste - Falha ao enviar WhatsApp para 556793087866: HTTPConnectionPool(host='69.6.221.156', port=3000): Max retries exceeded with url: /api/sendText (Caused by NewConnectionError("HTTPConnection(host='69.6.221.156', port=3000): Failed to establish a new connection: [WinError 10061] Nenhuma conexão pôde ser feita porque a máquina de destino as recusou ativamente"))
2026-04-15 11:03:27,209 [ERROR] __main__.source.siscobra_sudoeste - Falha ao enviar WhatsApp para 556781386476: HTTPConnectionPool(host='69.6.221.156', port=3000): Max retries exceeded with url: /api/sendText (Caused by NewConnectionError("HTTPConnection(host='69.6.221.156', port=3000): Failed to establish a new connection: [WinError 10061] Nenhuma conexão pôde ser feita porque a máquina de destino as recusou ativamente"))
2026-04-15 11:03:29,497 [ERROR] __main__.source.siscobra_sudoeste - Falha ao enviar WhatsApp para 556781376048: HTTPConnectionPool(host='69.6.221.156', port=3000): Max retries exceeded with url: /api/sendText (Caused by NewConnectionError("HTTPConnection(host='69.6.221.156', port=3000): Failed to establish a new connection: [WinError 10061] Nenhuma conexão pôde ser feita porque a máquina de destino as recusou ativamente"))
2026-04-15 11:03:30,918 [INFO] __main__.source.siscobra_sudoeste - Metricas do source: started=2026-04-15T11:02:54 finished=2026-04-15T11:03:30 duration_s=36.594 category=failed final_stage=download
2026-04-15 11:03:30,918 [INFO] __main__ - Lock de instancia removido: C:\Projetos\nef-controldesk-revobot-siscobra\downloads\logs\revo360.lock
2026-04-15 11:03:30,918 [INFO] __main__ - Execucao interrompida pelo usuario (Ctrl+C).
