2026-04-24 08:33:01,901 [INFO] __main__ - Log iniciado em: C:\Users\paulo.silva\projetos\nef-controldesk-revobot-siscobra\downloads\logs\execucao_20260424_083301.log
2026-04-24 08:33:01,903 [WARNING] __main__ - Execucao manual solicitada para ciclo 2026-04-23 (server=False ftp=True).
2026-04-24 08:33:01,904 [INFO] __main__ - Lock de instancia adquirido: C:\Users\paulo.silva\projetos\nef-controldesk-revobot-siscobra\downloads\logs\revo360.lock
2026-04-24 08:33:01,904 [WARNING] __main__ - Execucao forcada: ignorando o agendamento configurado.
2026-04-24 08:33:01,905 [INFO] __main__ - Inicio do ciclo 2026-04-23 em 2026-04-24T08:33:01
2026-04-24 08:33:01,908 [INFO] __main__ - Ciclo 2026-04-23 carregado com targets: server=False ftp=True
2026-04-24 08:33:01,908 [INFO] __main__ - Pre-validacao de configuracao concluida: 3 source(s) configurado(s).
2026-04-24 08:33:01,908 [INFO] __main__ - Source selecionado manualmente: siscobra_celeiro
2026-04-24 08:33:01,909 [INFO] __main__ - Sources habilitados para este ciclo (1): siscobra_celeiro
2026-04-24 08:33:01,909 [INFO] __main__ - Processando source 1/1: siscobra_celeiro
2026-04-24 08:33:01,913 [INFO] __main__.source.siscobra_celeiro - Iniciando pipeline do source=siscobra_celeiro
2026-04-24 08:33:01,915 [INFO] __main__.source.siscobra_celeiro - Source siscobra_celeiro - tentativa 1/10
2026-04-24 08:33:01,917 [INFO] __main__.source.siscobra_celeiro - Executando etapa download (try=1).
2026-04-24 08:33:01,918 [INFO] __main__.source.siscobra_celeiro - Iniciando login no REVO360 para o ciclo 2026-04-23 (source=siscobra_celeiro)
2026-04-24 08:33:01,934 [INFO] WDM - ====== WebDriver manager ======
2026-04-24 08:33:02,771 [INFO] WDM - Get LATEST chromedriver version for google-chrome
2026-04-24 08:33:02,947 [INFO] WDM - Get LATEST chromedriver version for google-chrome
2026-04-24 08:33:03,037 [INFO] WDM - Get LATEST chromedriver version for google-chrome
2026-04-24 08:33:03,255 [INFO] WDM - WebDriver version 147.0.7727.117 selected
2026-04-24 08:33:03,262 [INFO] WDM - Modern chrome version https://storage.googleapis.com/chrome-for-testing-public/147.0.7727.117/win32/chromedriver-win32.zip
2026-04-24 08:33:03,262 [INFO] WDM - About to download new driver from https://storage.googleapis.com/chrome-for-testing-public/147.0.7727.117/win32/chromedriver-win32.zip
2026-04-24 08:33:03,425 [INFO] WDM - Driver downloading response is 200
2026-04-24 08:33:03,786 [INFO] WDM - Get LATEST chromedriver version for google-chrome
2026-04-24 08:33:03,982 [INFO] WDM - Driver has been saved in cache [C:\Users\paulo.silva\.wdm\drivers\chromedriver\win64\147.0.7727.117]
2026-04-24 08:33:15,162 [WARNING] core.login - Popup de conexao com o servidor detectado no login e confirmado no botao Ok.
2026-04-24 08:33:21,507 [INFO] __main__.source.siscobra_celeiro - Login realizado com sucesso
2026-04-24 08:33:21,508 [INFO] __main__.source.siscobra_celeiro - File Manager sera consultado via navegacao e form submit no navegador autenticado
2026-04-24 08:33:21,508 [INFO] __main__.source.siscobra_celeiro - Consultando pasta remota no navegador autenticado: Exportação Siscobra 0914
2026-04-24 08:33:21,508 [INFO] core.download_api - Executando listagem via navegacao do navegador para a pasta 'Exportação Siscobra 0914'
2026-04-24 08:33:21,515 [INFO] core.download_api - Usando base URL configurada para o contexto same-origin do File Manager: https://nef.revo360.io:10024
2026-04-24 08:33:21,515 [INFO] core.download_api - Garantindo contexto same-origin do File Manager na mesma aba: handle_atual=C9C2359BC692E04C8A19C16571E3C862 url_atual=https://nef.revo360.io/ url_original=https://nef.revo360.io/ base_url=https://nef.revo360.io:10024
2026-04-24 08:33:21,749 [INFO] core.download_api - Contexto same-origin do File Manager validado: handle=C9C2359BC692E04C8A19C16571E3C862 url=https://nef.revo360.io:10024/ readyState=complete
2026-04-24 08:33:21,749 [INFO] core.download_api - Contexto do File Manager carregado na mesma guia: handle_atual=C9C2359BC692E04C8A19C16571E3C862 handle_original=C9C2359BC692E04C8A19C16571E3C862 handle_file_manager=C9C2359BC692E04C8A19C16571E3C862 url_atual=https://nef.revo360.io:10024/ url_original=https://nef.revo360.io/ mesma_aba=True aba_nova=False
2026-04-24 08:33:21,749 [INFO] core.download_api - Executando listagem da pasta 'Exportação Siscobra 0914' no navegador autenticado: handle_atual=C9C2359BC692E04C8A19C16571E3C862 handle_original=C9C2359BC692E04C8A19C16571E3C862 handle_file_manager=C9C2359BC692E04C8A19C16571E3C862 url_atual=https://nef.revo360.io:10024/ url_original=https://nef.revo360.io/ mesma_aba=True aba_nova=False base_url=https://nef.revo360.io:10024 endpoint=https://nef.revo360.io:10024/api/file-manager-file-system
2026-04-24 08:33:21,749 [INFO] core.download_api - Navegando na aba do File Manager para listar arquivos: handle_file_manager=C9C2359BC692E04C8A19C16571E3C862 url=https://nef.revo360.io:10024/api/file-manager-file-system?path=..%5CUPLOAD&command=GetDirContents&arguments=%7B%22pathInfo%22%3A+%5B%7B%22key%22%3A+%22Exporta%C3%A7%C3%A3o+Siscobra+0914%22%2C+%22name%22%3A+%22Exporta%C3%A7%C3%A3o+Siscobra+0914%22%7D%5D%7D
2026-04-24 08:33:21,877 [INFO] core.download_api - Contexto same-origin do File Manager validado: handle=C9C2359BC692E04C8A19C16571E3C862 url=https://nef.revo360.io:10024/api/file-manager-file-system?path=..%5CUPLOAD&command=GetDirContents&arguments=%7B%22pathInfo%22%3A+%5B%7B%22key%22%3A+%22Exporta%C3%A7%C3%A3o+Siscobra+0914%22%2C+%22name%22%3A+%22Exporta%C3%A7%C3%A3o+Siscobra+0914%22%7D%5D%7D readyState=complete
2026-04-24 08:33:21,882 [INFO] core.download_api - Payload bruto da listagem (primeiros 1000 caracteres): handle_atual=C9C2359BC692E04C8A19C16571E3C862 url_atual=https://nef.revo360.io:10024/api/file-manager-file-system?path=..%5CUPLOAD&command=GetDirContents&arguments=%7B%22pathInfo%22%3A+%5B%7B%22key%22%3A+%22Exporta%C3%A7%C3%A3o+Siscobra+0914%22%2C+%22name%22%3A+%22Exporta%C3%A7%C3%A3o+Siscobra+0914%22%7D%5D%7D url_original=https://nef.revo360.io/ mesma_aba=True payload={"success":false,"errorCode":null,"errorText":"","result":null}
2026-04-24 08:33:21,882 [ERROR] __main__.source.siscobra_celeiro - Falha ao listar arquivos no navegador autenticado na pasta 'Exportação Siscobra 0914'
Traceback (most recent call last):
  File "C:\Users\paulo.silva\projetos\nef-controldesk-revobot-siscobra\main.py", line 1100, in _run_download_stage
    itens = listar_arquivos_api_no_browser(driver, remote_folder)
  File "C:\Users\paulo.silva\projetos\nef-controldesk-revobot-siscobra\src\core\download_api.py", line 1499, in listar_arquivos_api_no_browser
    itens = _parse_listing_text_no_browser(
  File "C:\Users\paulo.silva\projetos\nef-controldesk-revobot-siscobra\src\core\download_api.py", line 1286, in _parse_listing_text_no_browser
    return _extrair_itens_listagem(payload)
  File "C:\Users\paulo.silva\projetos\nef-controldesk-revobot-siscobra\src\core\download_api.py", line 804, in _extrair_itens_listagem
    raise FileManagerApiError(f"API File Manager retornou erro: {detail}")
core.download_api.FileManagerApiError: API File Manager retornou erro: erro desconhecido
2026-04-24 08:33:24,096 [ERROR] __main__.source.siscobra_celeiro - Falha na etapa download: Falha ao listar arquivos na pasta 'Exportação Siscobra 0914'.
Traceback (most recent call last):
  File "C:\Users\paulo.silva\projetos\nef-controldesk-revobot-siscobra\main.py", line 1100, in _run_download_stage
    itens = listar_arquivos_api_no_browser(driver, remote_folder)
  File "C:\Users\paulo.silva\projetos\nef-controldesk-revobot-siscobra\src\core\download_api.py", line 1499, in listar_arquivos_api_no_browser
    itens = _parse_listing_text_no_browser(
  File "C:\Users\paulo.silva\projetos\nef-controldesk-revobot-siscobra\src\core\download_api.py", line 1286, in _parse_listing_text_no_browser
    return _extrair_itens_listagem(payload)
  File "C:\Users\paulo.silva\projetos\nef-controldesk-revobot-siscobra\src\core\download_api.py", line 804, in _extrair_itens_listagem
    raise FileManagerApiError(f"API File Manager retornou erro: {detail}")
core.download_api.FileManagerApiError: API File Manager retornou erro: erro desconhecido

The above exception was the direct cause of the following exception:

Traceback (most recent call last):
  File "C:\Users\paulo.silva\projetos\nef-controldesk-revobot-siscobra\src\core\pipeline_orchestrator.py", line 54, in execute_stage_flow
    run_single_stage(stage, logger, state, cycle_date)
  File "C:\Users\paulo.silva\projetos\nef-controldesk-revobot-siscobra\main.py", line 1303, in _run_single_stage
    _run_download_stage(logger, state, cycle_date)
  File "C:\Users\paulo.silva\projetos\nef-controldesk-revobot-siscobra\main.py", line 1121, in _run_download_stage
    raise RuntimeError(
RuntimeError: Falha ao listar arquivos na pasta 'Exportação Siscobra 0914'.
2026-04-24 08:33:24,102 [INFO] __main__.source.siscobra_celeiro - Etapa prepare bloqueada por dependencia pendente. Pulando nesta tentativa.
2026-04-24 08:33:24,103 [INFO] __main__.source.siscobra_celeiro - Etapa send_server desabilitada pelos targets do ciclo. Marcando como SKIPPED.
2026-04-24 08:33:24,105 [INFO] __main__.source.siscobra_celeiro - Etapa send_ftp bloqueada por dependencia pendente. Pulando nesta tentativa.
2026-04-24 08:33:24,108 [INFO] __main__.source.siscobra_celeiro - Enviando notificacao WhatsApp via WAHA (base_url=http://69.6.221.156:3000, session=default, destinatarios=3).
2026-04-24 08:33:26,230 [ERROR] __main__.source.siscobra_celeiro - Falha ao enviar WhatsApp para 556793087866: HTTPConnectionPool(host='69.6.221.156', port=3000): Max retries exceeded with url: /api/sendText (Caused by NewConnectionError("HTTPConnection(host='69.6.221.156', port=3000): Failed to establish a new connection: [WinError 10061] Nenhuma conexão pôde ser feita porque a máquina de destino as recusou ativamente"))
2026-04-24 08:33:28,402 [ERROR] __main__.source.siscobra_celeiro - Falha ao enviar WhatsApp para 556781386476: HTTPConnectionPool(host='69.6.221.156', port=3000): Max retries exceeded with url: /api/sendText (Caused by NewConnectionError("HTTPConnection(host='69.6.221.156', port=3000): Failed to establish a new connection: [WinError 10061] Nenhuma conexão pôde ser feita porque a máquina de destino as recusou ativamente"))
2026-04-24 08:33:30,517 [ERROR] __main__.source.siscobra_celeiro - Falha ao enviar WhatsApp para 556781376048: HTTPConnectionPool(host='69.6.221.156', port=3000): Max retries exceeded with url: /api/sendText (Caused by NewConnectionError("HTTPConnection(host='69.6.221.156', port=3000): Failed to establish a new connection: [WinError 10061] Nenhuma conexão pôde ser feita porque a máquina de destino as recusou ativamente"))
2026-04-24 08:33:31,652 [INFO] __main__.source.siscobra_celeiro - Resumo enviado ao Google Chat.
2026-04-24 08:33:34,971 [ERROR] core.email_notifier - Falha ao enviar notificacao por e-mail: (535, b'5.7.8 Username and Password not accepted. For more information, go to\n5.7.8  https://support.google.com/mail/?p=BadCredentials a1e0cc1a2514c-95890c61fb4sm10902909241.13 - gsmtp')
Traceback (most recent call last):
  File "C:\Users\paulo.silva\projetos\nef-controldesk-revobot-siscobra\src\core\email_notifier.py", line 90, in send_execution_email
    smtp.login(EMAIL_USER, EMAIL_PASSWORD)
  File "C:\Program Files\Python310\lib\smtplib.py", line 750, in login
    raise last_exception
  File "C:\Program Files\Python310\lib\smtplib.py", line 739, in login
    (code, resp) = self.auth(
  File "C:\Program Files\Python310\lib\smtplib.py", line 662, in auth
    raise SMTPAuthenticationError(code, resp)
smtplib.SMTPAuthenticationError: (535, b'5.7.8 Username and Password not accepted. For more information, go to\n5.7.8  https://support.google.com/mail/?p=BadCredentials a1e0cc1a2514c-95890c61fb4sm10902909241.13 - gsmtp')
2026-04-24 08:33:35,001 [WARNING] __main__.source.siscobra_celeiro - Source siscobra_celeiro falhou. Nova tentativa em 1800 segundos.
2026-04-24 08:33:56,252 [INFO] __main__.source.siscobra_celeiro - Metricas do source: started=2026-04-24T08:33:01 finished=2026-04-24T08:33:56 duration_s=54.328 category=failed final_stage=download
2026-04-24 08:33:56,268 [INFO] __main__ - Lock de instancia removido: C:\Users\paulo.silva\projetos\nef-controldesk-revobot-siscobra\downloads\logs\revo360.lock
2026-04-24 08:33:56,268 [INFO] __main__ - Execucao interrompida pelo usuario (Ctrl+C).
