2026-08-03 08:22:45,295 [INFO] __main__ - Log iniciado em: C:\Users\paulo.silva\nef-controldesk-revobot-siscobra\downloads\logs\execucao_20260803_082245.log
2026-08-03 08:22:45,298 [WARNING] __main__ - Execucao manual solicitada para ciclo 2026-07-31 (server=True ftp=True).
2026-08-03 08:22:45,299 [INFO] __main__ - Lock de instancia adquirido: C:\Users\paulo.silva\nef-controldesk-revobot-siscobra\downloads\logs\revo360.lock
2026-08-03 08:22:45,299 [WARNING] __main__ - Execucao forcada: ignorando o agendamento configurado.
2026-08-03 08:22:45,299 [INFO] __main__ - Inicio do ciclo 2026-07-31 em 2026-08-03T08:22:45
2026-08-03 08:22:45,301 [INFO] __main__ - State do ciclo removido por --force-run: C:\Users\paulo.silva\nef-controldesk-revobot-siscobra\downloads\logs\state_2026-07-31.json
2026-08-03 08:22:45,304 [INFO] __main__ - Ciclo 2026-07-31 carregado com targets: server=True ftp=True
2026-08-03 08:22:45,305 [INFO] __main__ - Pre-validacao de configuracao concluida: 5 source(s) configurado(s).
2026-08-03 08:22:45,306 [INFO] __main__ - Source selecionado manualmente: siscobra_uniao
2026-08-03 08:22:45,306 [INFO] __main__ - Sources habilitados para este ciclo (1): siscobra_uniao
2026-08-03 08:22:45,307 [INFO] __main__ - Processando source 1/1: siscobra_uniao
2026-08-03 08:22:45,310 [INFO] __main__.source.siscobra_uniao - Iniciando pipeline do source=siscobra_uniao
2026-08-03 08:22:45,314 [INFO] __main__.source.siscobra_uniao - Source siscobra_uniao - tentativa 1/10
2026-08-03 08:22:45,314 [INFO] __main__.source.siscobra_uniao - Executando etapa download (try=1).
2026-08-03 08:22:45,315 [INFO] __main__.source.siscobra_uniao - Iniciando login HTTP no REVO360 para o ciclo 2026-07-31 (source=siscobra_uniao)
2026-08-03 08:22:45,316 [INFO] core.download_api - Iniciando autenticacao HTTP no REVO360: https://nef.revo360.io/api/revolutionService/loginUserCRM
2026-08-03 08:22:47,524 [INFO] core.download_api - Login HTTP no REVO360 concluido: usuario=rafael.flores endpoint_file_manager=https://nef.revo360.io/apiDash/api/file-manager-file-system
2026-08-03 08:22:47,524 [INFO] __main__.source.siscobra_uniao - Login HTTP realizado com sucesso
2026-08-03 08:22:47,524 [INFO] __main__.source.siscobra_uniao - File Manager sera consultado por requests.Session via HTTP direto
2026-08-03 08:22:47,524 [INFO] __main__.source.siscobra_uniao - Consultando pasta remota via API HTTP: Exportação Siscobra União
2026-08-03 08:22:47,524 [INFO] core.download_api - Executando diagnostico de autenticacao HTTP da API File Manager na raiz '..\UPLOAD'
2026-08-03 08:22:47,524 [INFO] core.download_api - Executando diagnostico da sessao HTTP da API (tentativa 1/3)
2026-08-03 08:22:47,524 [INFO] core.download_api - listagem da pasta '..\UPLOAD': request method=GET url=https://nef.revo360.io/apiDash/api/file-manager-file-system?path=..%5CUPLOAD&command=GetDirContents&arguments=%7B%22pathInfo%22%3A+%5B%5D%7D params={'path': '..\\UPLOAD', 'command': 'GetDirContents', 'arguments': '{"pathInfo": []}'} headers={'User-Agent': 'python-requests/2.32.3', 'Accept-Encoding': 'gzip, deflate', 'Accept': 'application/json, text/javascript, */*; q=0.01', 'Connection': 'keep-alive', 'Origin': 'https://nef.revo360.io/apiDash', 'Referer': 'https://nef.revo360.io/'} cookies_na_sessao=[]
2026-08-03 08:22:47,564 [INFO] core.download_api - listagem da pasta '..\UPLOAD': response status=200 url=https://nef.revo360.io/apiDash/api/file-manager-file-system?path=..%5CUPLOAD&command=GetDirContents&arguments=%7B%22pathInfo%22%3A+%5B%5D%7D content_type=application/json content_length=<ausente> location=<ausente>
2026-08-03 08:22:47,588 [INFO] core.download_api - Diagnostico da sessao HTTP da API concluido: raiz acessivel com 33 item(ns)
2026-08-03 08:22:47,589 [INFO] core.download_api - Executando listagem da pasta 'Exportação Siscobra União' (tentativa 1/3)
2026-08-03 08:22:47,589 [INFO] core.download_api - listagem da pasta 'Exportação Siscobra União': request method=GET url=https://nef.revo360.io/apiDash/api/file-manager-file-system?path=..%5CUPLOAD&command=GetDirContents&arguments=%7B%22pathInfo%22%3A+%5B%7B%22key%22%3A+%22Exporta%C3%A7%C3%A3o+Siscobra+Uni%C3%A3o%22%2C+%22name%22%3A+%22Exporta%C3%A7%C3%A3o+Siscobra+Uni%C3%A3o%22%7D%5D%7D params={'path': '..\\UPLOAD', 'command': 'GetDirContents', 'arguments': '{"pathInfo": [{"key": "Exportação Siscobra União", "name": "Exportação Siscobra União"}]}'} headers={'User-Agent': 'python-requests/2.32.3', 'Accept-Encoding': 'gzip, deflate', 'Accept': 'application/json, text/javascript, */*; q=0.01', 'Connection': 'keep-alive', 'Origin': 'https://nef.revo360.io/apiDash', 'Referer': 'https://nef.revo360.io/'} cookies_na_sessao=[]
2026-08-03 08:22:47,624 [INFO] core.download_api - listagem da pasta 'Exportação Siscobra União': response status=200 url=https://nef.revo360.io/apiDash/api/file-manager-file-system?path=..%5CUPLOAD&command=GetDirContents&arguments=%7B%22pathInfo%22%3A+%5B%7B%22key%22%3A+%22Exporta%C3%A7%C3%A3o+Siscobra+Uni%C3%A3o%22%2C+%22name%22%3A+%22Exporta%C3%A7%C3%A3o+Siscobra+Uni%C3%A3o%22%7D%5D%7D content_type=application/json content_length=<ausente> location=<ausente>
2026-08-03 08:22:47,624 [INFO] core.download_api - Listagem via API concluida para 'Exportação Siscobra União': 90 item(ns)
2026-08-03 08:22:47,624 [INFO] __main__.source.siscobra_uniao - Listagem via API HTTP concluida: 90 item(ns) em 'Exportação Siscobra União'
2026-08-03 08:22:47,624 [INFO] __main__.source.siscobra_uniao - Arquivo selecionado para o ciclo 2026-07-31 (source=siscobra_uniao): Exportacao_Siscobra_Uniao_20260731.csv
2026-08-03 08:22:47,664 [INFO] core.download_api - Carteira iniciada para download via API: Exportação Siscobra União
2026-08-03 08:22:47,664 [INFO] core.download_api - Arquivo solicitado via API: Exportacao_Siscobra_Uniao_20260731.csv
2026-08-03 08:22:47,664 [INFO] core.download_api - Iniciando download HTTP direto do arquivo 'Exportacao_Siscobra_Uniao_20260731.csv' para C:\Users\paulo.silva\nef-controldesk-revobot-siscobra\downloads\Exportacao_Siscobra_Uniao_20260731.csv
2026-08-03 08:22:47,664 [INFO] core.download_api - Executando download do arquivo 'Exportacao_Siscobra_Uniao_20260731.csv' (tentativa 1/3)
2026-08-03 08:22:47,849 [INFO] core.download_api - Download HTTP direto concluido com sucesso: arquivo=Exportacao_Siscobra_Uniao_20260731.csv caminho=C:\Users\paulo.silva\nef-controldesk-revobot-siscobra\downloads\Exportacao_Siscobra_Uniao_20260731.csv tamanho=368440 bytes
2026-08-03 08:22:47,849 [INFO] __main__.source.siscobra_uniao - Download HTTP direto concluido: Exportacao_Siscobra_Uniao_20260731.csv
2026-08-03 08:22:47,849 [INFO] __main__.source.siscobra_uniao - Arquivo salvo em: C:\Users\paulo.silva\nef-controldesk-revobot-siscobra\downloads\Exportacao_Siscobra_Uniao_20260731.csv
2026-08-03 08:22:47,850 [INFO] __main__.source.siscobra_uniao - Tamanho final do arquivo salvo: 368440 bytes
2026-08-03 08:22:47,850 [INFO] __main__.source.siscobra_uniao - Tempo total do download: 0.19s
2026-08-03 08:22:47,850 [INFO] __main__.source.siscobra_uniao - Etapa download concluida com sucesso.
2026-08-03 08:22:47,853 [INFO] __main__.source.siscobra_uniao - Executando etapa prepare (try=1).
2026-08-03 08:22:47,874 [WARNING] core.download - CSV convertido de cp1252 para UTF-8 antes do tratamento: LOCAL_0911_290_NABARRETEFERRO_ACIONAMENTOS_20260731_082245.csv.tmp
2026-08-03 08:22:48,725 [INFO] core.download - Cabecalho removido do CSV: LOCAL_0911_290_NABARRETEFERRO_ACIONAMENTOS_20260731_082245.csv.tmp
2026-08-03 08:22:48,725 [INFO] core.download - Arquivo XLSX de visualizacao gerado: LOCAL_0911_290_NABARRETEFERRO_ACIONAMENTOS_20260731_082245_excel.xlsx
2026-08-03 08:22:48,725 [INFO] __main__.source.siscobra_uniao - Prepare concluido: C:\Users\paulo.silva\nef-controldesk-revobot-siscobra\downloads\LOCAL_0911_290_NABARRETEFERRO_ACIONAMENTOS_20260731_082245.csv
2026-08-03 08:22:48,725 [INFO] __main__.source.siscobra_uniao - Etapa prepare concluida com sucesso.
2026-08-03 08:22:48,725 [INFO] __main__.source.siscobra_uniao - Etapa send_server desabilitada pelos targets do ciclo. Marcando como SKIPPED.
2026-08-03 08:22:48,725 [INFO] __main__.source.siscobra_uniao - Executando etapa send_ftp (try=1).
2026-08-03 08:22:48,757 [INFO] core.download - Conectando ao FTP 172.25.68.13:990 (timeout=30s)
2026-08-03 08:22:48,890 [INFO] core.download - Autenticando no FTP
2026-08-03 08:22:48,971 [INFO] core.download - Canal de dados com TLS (prot_p)
2026-08-03 08:22:49,048 [INFO] core.download - Modo de transferencia FTP: PASV
2026-08-03 08:22:49,050 [INFO] core.download - Alterando diretorio no FTP: /ftp_nabarreteferro_adv/SISCOBRA/RETORNO
2026-08-03 08:22:49,394 [INFO] core.download - Verificacao FTP (sem SIZE): existe=False arquivo=LOCAL_0911_290_NABARRETEFERRO_ACIONAMENTOS_20260731_082245.csv
2026-08-03 08:22:49,432 [INFO] core.download - Iniciando envio ao FTP: LOCAL_0911_290_NABARRETEFERRO_ACIONAMENTOS_20260731_082245.csv
2026-08-03 08:22:49,443 [INFO] core.download - Conectando ao FTP 172.25.68.13:990 (timeout=30s)
2026-08-03 08:22:49,573 [INFO] core.download - Autenticando no FTP
2026-08-03 08:22:49,652 [INFO] core.download - Canal de dados com TLS (prot_p)
2026-08-03 08:22:49,731 [INFO] core.download - Modo de transferencia FTP: PASV
2026-08-03 08:22:49,731 [INFO] core.download - Alterando diretorio no FTP: /ftp_nabarreteferro_adv/SISCOBRA/RETORNO
2026-08-03 08:22:49,758 [INFO] core.download - Enviando arquivo via STOR: LOCAL_0911_290_NABARRETEFERRO_ACIONAMENTOS_20260731_082245.csv (protecao=P, modo=PASV)
2026-08-03 08:23:20,223 [WARNING] core.download - Timeout no envio/fechamento TLS (protecao=P, modo=PASV).
2026-08-03 08:23:20,224 [INFO] core.download - Conectando ao FTP 172.25.68.13:990 (timeout=30s)
2026-08-03 08:23:20,357 [INFO] core.download - Autenticando no FTP
2026-08-03 08:23:20,437 [INFO] core.download - Canal de dados com TLS (prot_p)
2026-08-03 08:23:20,519 [INFO] core.download - Modo de transferencia FTP: PASV
2026-08-03 08:23:20,520 [INFO] core.download - Alterando diretorio no FTP: /ftp_nabarreteferro_adv/SISCOBRA/RETORNO
2026-08-03 08:23:20,601 [INFO] core.download - Verificacao FTP: arquivo=LOCAL_0911_290_NABARRETEFERRO_ACIONAMENTOS_20260731_082245.csv tamanho_local=370942 tamanho_remoto=370942 ok=True
2026-08-03 08:23:20,640 [WARNING] core.download - Arquivo parece ter sido enviado com sucesso apesar do timeout (verificado por SIZE): LOCAL_0911_290_NABARRETEFERRO_ACIONAMENTOS_20260731_082245.csv
2026-08-03 08:23:20,641 [INFO] __main__.source.siscobra_uniao - Etapa send_ftp concluida com sucesso.
2026-08-03 08:23:20,645 [INFO] __main__.source.siscobra_uniao - Enviando notificacao WhatsApp via WAHA (base_url=http://69.6.221.156:3000, session=default, destinatarios=3).
2026-08-03 08:23:30,657 [ERROR] __main__.source.siscobra_uniao - Falha ao enviar WhatsApp para 556793087866: HTTPConnectionPool(host='69.6.221.156', port=3000): Max retries exceeded with url: /api/sendText (Caused by ConnectTimeoutError(<HTTPConnection(host='69.6.221.156', port=3000) at 0x2494b6a4790>, 'Connection to 69.6.221.156 timed out. (connect timeout=10)'))
2026-08-03 08:23:40,671 [ERROR] __main__.source.siscobra_uniao - Falha ao enviar WhatsApp para 556781386476: HTTPConnectionPool(host='69.6.221.156', port=3000): Max retries exceeded with url: /api/sendText (Caused by ConnectTimeoutError(<HTTPConnection(host='69.6.221.156', port=3000) at 0x2494b6a50c0>, 'Connection to 69.6.221.156 timed out. (connect timeout=10)'))
2026-08-03 08:23:50,674 [ERROR] __main__.source.siscobra_uniao - Falha ao enviar WhatsApp para 556781376048: HTTPConnectionPool(host='69.6.221.156', port=3000): Max retries exceeded with url: /api/sendText (Caused by ConnectTimeoutError(<HTTPConnection(host='69.6.221.156', port=3000) at 0x2494b6a5990>, 'Connection to 69.6.221.156 timed out. (connect timeout=10)'))
2026-08-03 08:23:51,699 [INFO] __main__.source.siscobra_uniao - Resumo enviado ao Google Chat.
2026-08-03 08:23:55,342 [ERROR] core.email_notifier - Falha ao enviar notificacao por e-mail: (535, b'5.7.8 Username and Password not accepted. For more information, go to\n5.7.8  https://support.google.com/mail/?p=BadCredentials 46e09a7af769-7f18f07a4a4sm7222470a34.18 - gsmtp')
Traceback (most recent call last):
  File "C:\Users\paulo.silva\nef-controldesk-revobot-siscobra\src\core\email_notifier.py", line 90, in send_execution_email
    smtp.login(EMAIL_USER, EMAIL_PASSWORD)
  File "C:\Program Files\Python310\lib\smtplib.py", line 750, in login
    raise last_exception
  File "C:\Program Files\Python310\lib\smtplib.py", line 739, in login
    (code, resp) = self.auth(
  File "C:\Program Files\Python310\lib\smtplib.py", line 662, in auth
    raise SMTPAuthenticationError(code, resp)
smtplib.SMTPAuthenticationError: (535, b'5.7.8 Username and Password not accepted. For more information, go to\n5.7.8  https://support.google.com/mail/?p=BadCredentials 46e09a7af769-7f18f07a4a4sm7222470a34.18 - gsmtp')
2026-08-03 08:23:55,393 [INFO] __main__.source.siscobra_uniao - Source siscobra_uniao concluido com sucesso na tentativa 1.
2026-08-03 08:23:55,398 [INFO] __main__.source.siscobra_uniao - Metricas do source: started=2026-08-03T08:22:45 finished=2026-08-03T08:23:55 duration_s=70.094 category=success final_stage=send_ftp
2026-08-03 08:23:55,399 [INFO] __main__ - Source siscobra_uniao finalizado com status=SUCCESS
2026-08-03 08:23:55,399 [INFO] __main__ - Resumo final do ciclo por source (padrao observabilidade):
2026-08-03 08:23:55,399 [INFO] __main__ - source=siscobra_celeiro enabled=True category=skipped status=PENDING final_stage=download started=- finished=- duration_s=- expected=- resolved=- server=False ftp=True error=-
2026-08-03 08:23:55,400 [INFO] __main__ - source=siscobra_planalto enabled=True category=skipped status=PENDING final_stage=download started=- finished=- duration_s=- expected=- resolved=- server=False ftp=True error=-
2026-08-03 08:23:55,400 [INFO] __main__ - source=siscobra_uniao enabled=True category=success status=SUCCESS final_stage=send_ftp started=2026-08-03T08:22:45 finished=2026-08-03T08:23:55 duration_s=70.094 expected=Exportacao_Siscobra_Uniao_20260731.csv resolved=Exportacao_Siscobra_Uniao_20260731.csv server=False ftp=True error=-
2026-08-03 08:23:55,400 [INFO] __main__ - source=siscobra_sudoeste enabled=True category=skipped status=PENDING final_stage=download started=- finished=- duration_s=- expected=- resolved=- server=False ftp=True error=-
2026-08-03 08:23:55,400 [INFO] __main__ - source=siscobra_centro_sul enabled=True category=skipped status=PENDING final_stage=download started=- finished=- duration_s=- expected=- resolved=- server=False ftp=True error=-
2026-08-03 08:23:55,401 [INFO] __main__ - Resumo do ciclo: status=SUCCESS started=2026-08-03T08:22:45 finished=2026-08-03T08:23:55 duration_s=70.094 enabled=5 success=1 failed=0 not_found=0 skipped=4 disabled=0
2026-08-03 08:23:55,403 [INFO] __main__ - Resumo observabilidade persistido em C:\Users\paulo.silva\nef-controldesk-revobot-siscobra\downloads\logs\cycle_summary_2026-07-31.json
2026-08-03 08:23:55,403 [INFO] __main__ - Lock de instancia removido: C:\Users\paulo.silva\nef-controldesk-revobot-siscobra\downloads\logs\revo360.lock
