2026-04-24 08:33:59,683 [INFO] __main__ - Log iniciado em: C:\Users\paulo.silva\projetos\nef-controldesk-revobot-siscobra\downloads\logs\execucao_20260424_083359.log
2026-04-24 08:33:59,683 [WARNING] __main__ - Execucao manual solicitada para ciclo 2026-04-23 (server=False ftp=True).
2026-04-24 08:33:59,683 [INFO] __main__ - Lock de instancia adquirido: C:\Users\paulo.silva\projetos\nef-controldesk-revobot-siscobra\downloads\logs\revo360.lock
2026-04-24 08:33:59,683 [WARNING] __main__ - Execucao forcada: ignorando o agendamento configurado.
2026-04-24 08:33:59,683 [INFO] __main__ - Inicio do ciclo 2026-04-23 em 2026-04-24T08:33:59
2026-04-24 08:33:59,702 [INFO] __main__ - Ciclo 2026-04-23 carregado com targets: server=False ftp=True
2026-04-24 08:33:59,702 [INFO] __main__ - Pre-validacao de configuracao concluida: 3 source(s) configurado(s).
2026-04-24 08:33:59,702 [INFO] __main__ - Source selecionado manualmente: siscobra_celeiro
2026-04-24 08:33:59,702 [INFO] __main__ - Sources habilitados para este ciclo (1): siscobra_celeiro
2026-04-24 08:33:59,702 [INFO] __main__ - Processando source 1/1: siscobra_celeiro
2026-04-24 08:33:59,719 [INFO] __main__.source.siscobra_celeiro - Iniciando pipeline do source=siscobra_celeiro
2026-04-24 08:33:59,722 [INFO] __main__.source.siscobra_celeiro - Source siscobra_celeiro - tentativa 1/10
2026-04-24 08:33:59,723 [INFO] __main__.source.siscobra_celeiro - Executando etapa download (try=2).
2026-04-24 08:33:59,723 [INFO] __main__.source.siscobra_celeiro - Iniciando login no REVO360 para o ciclo 2026-04-23 (source=siscobra_celeiro)
2026-04-24 08:33:59,739 [INFO] WDM - ====== WebDriver manager ======
2026-04-24 08:34:00,532 [INFO] WDM - Get LATEST chromedriver version for google-chrome
2026-04-24 08:34:00,621 [INFO] WDM - Get LATEST chromedriver version for google-chrome
2026-04-24 08:34:00,691 [INFO] WDM - Driver [C:\Users\paulo.silva\.wdm\drivers\chromedriver\win64\147.0.7727.117\chromedriver-win32/chromedriver.exe] found in cache
2026-04-24 08:34:11,050 [WARNING] core.login - Popup de conexao com o servidor detectado no login e confirmado no botao Ok.
2026-04-24 08:34:17,785 [INFO] __main__.source.siscobra_celeiro - Login realizado com sucesso
2026-04-24 08:34:17,786 [INFO] __main__.source.siscobra_celeiro - File Manager sera consultado via navegacao e form submit no navegador autenticado
2026-04-24 08:34:17,786 [INFO] __main__.source.siscobra_celeiro - Consultando pasta remota no navegador autenticado: Exportação Siscobra Celeiro
2026-04-24 08:34:17,787 [INFO] core.download_api - Executando listagem via navegacao do navegador para a pasta 'Exportação Siscobra Celeiro'
2026-04-24 08:34:17,792 [INFO] core.download_api - Usando base URL configurada para o contexto same-origin do File Manager: https://nef.revo360.io:10024
2026-04-24 08:34:17,792 [INFO] core.download_api - Garantindo contexto same-origin do File Manager na mesma aba: handle_atual=442F0A7BB5EDD8EF7AAC31513DF3F3BF url_atual=https://nef.revo360.io/ url_original=https://nef.revo360.io/ base_url=https://nef.revo360.io:10024
2026-04-24 08:34:18,018 [INFO] core.download_api - Contexto same-origin do File Manager validado: handle=442F0A7BB5EDD8EF7AAC31513DF3F3BF url=https://nef.revo360.io:10024/ readyState=complete
2026-04-24 08:34:18,020 [INFO] core.download_api - Contexto do File Manager carregado na mesma guia: handle_atual=442F0A7BB5EDD8EF7AAC31513DF3F3BF handle_original=442F0A7BB5EDD8EF7AAC31513DF3F3BF handle_file_manager=442F0A7BB5EDD8EF7AAC31513DF3F3BF url_atual=https://nef.revo360.io:10024/ url_original=https://nef.revo360.io/ mesma_aba=True aba_nova=False
2026-04-24 08:34:18,027 [INFO] core.download_api - Executando listagem da pasta 'Exportação Siscobra Celeiro' no navegador autenticado: handle_atual=442F0A7BB5EDD8EF7AAC31513DF3F3BF handle_original=442F0A7BB5EDD8EF7AAC31513DF3F3BF handle_file_manager=442F0A7BB5EDD8EF7AAC31513DF3F3BF url_atual=https://nef.revo360.io:10024/ url_original=https://nef.revo360.io/ mesma_aba=True aba_nova=False base_url=https://nef.revo360.io:10024 endpoint=https://nef.revo360.io:10024/api/file-manager-file-system
2026-04-24 08:34:18,028 [INFO] core.download_api - Navegando na aba do File Manager para listar arquivos: handle_file_manager=442F0A7BB5EDD8EF7AAC31513DF3F3BF url=https://nef.revo360.io:10024/api/file-manager-file-system?path=..%5CUPLOAD&command=GetDirContents&arguments=%7B%22pathInfo%22%3A+%5B%7B%22key%22%3A+%22Exporta%C3%A7%C3%A3o+Siscobra+Celeiro%22%2C+%22name%22%3A+%22Exporta%C3%A7%C3%A3o+Siscobra+Celeiro%22%7D%5D%7D
2026-04-24 08:34:18,150 [INFO] core.download_api - Contexto same-origin do File Manager validado: handle=442F0A7BB5EDD8EF7AAC31513DF3F3BF url=https://nef.revo360.io:10024/api/file-manager-file-system?path=..%5CUPLOAD&command=GetDirContents&arguments=%7B%22pathInfo%22%3A+%5B%7B%22key%22%3A+%22Exporta%C3%A7%C3%A3o+Siscobra+Celeiro%22%2C+%22name%22%3A+%22Exporta%C3%A7%C3%A3o+Siscobra+Celeiro%22%7D%5D%7D readyState=complete
2026-04-24 08:34:18,150 [INFO] core.download_api - Payload bruto da listagem (primeiros 1000 caracteres): handle_atual=442F0A7BB5EDD8EF7AAC31513DF3F3BF url_atual=https://nef.revo360.io:10024/api/file-manager-file-system?path=..%5CUPLOAD&command=GetDirContents&arguments=%7B%22pathInfo%22%3A+%5B%7B%22key%22%3A+%22Exporta%C3%A7%C3%A3o+Siscobra+Celeiro%22%2C+%22name%22%3A+%22Exporta%C3%A7%C3%A3o+Siscobra+Celeiro%22%7D%5D%7D url_original=https://nef.revo360.io/ mesma_aba=True payload={"success":true,"errorCode":null,"errorText":"","result":[{"key":"Exportação Siscobra Celeiro\\Exportacao_Siscobra_0914_20251229.csv","name":"Exportacao_Siscobra_0914_20251229.csv","dateModified":"2025-12-29T19:02:57.6645019Z","isDirectory":false,"size":24924,"hasSubDirectories":false},{"key":"Exportação Siscobra Celeiro\\Exportacao_Siscobra_0914_20251230.csv","name":"Exportacao_Siscobra_0914_20251230.csv","dateModified":"2025-12-30T21:00:00.6719874Z","isDirectory":false,"size":36969,"hasSubDirectories":false},{"key":"Exportação Siscobra Celeiro\\Exportacao_Siscobra_0914_20251231.csv","name":"Exportacao_Siscobra_0914_20251231.csv","dateModified":"2025-12-31T21:00:01.1030738Z","isDirectory":false,"size":190,"hasSubDirectories":false},{"key":"Exportação Siscobra Celeiro\\Exportacao_Siscobra_0914_20260101.csv","name":"Exportacao_Siscobra_0914_20260101.csv","dateModified":"2026-01-01T21:00:00.8768927Z","isDirectory":false,"size":190,"hasSubDirectories":false},{"key":"Exportação Siscobra Ce
2026-04-24 08:34:18,150 [INFO] core.download_api - Listagem via navegacao do navegador concluida: 114 item(ns) em 'Exportação Siscobra Celeiro'
2026-04-24 08:34:18,150 [INFO] __main__.source.siscobra_celeiro - Listagem via navegacao do navegador concluida: 114 item(ns) em 'Exportação Siscobra Celeiro'
2026-04-24 08:34:18,164 [INFO] __main__.source.siscobra_celeiro - Arquivo selecionado para o ciclo 2026-04-23 (source=siscobra_celeiro): Exportacao_Siscobra_Celeiro_20260423.csv
2026-04-24 08:34:18,166 [INFO] core.download - Limpeza pre-download: nenhum arquivo antigo para Exportacao_Siscobra_Celeiro_20260423.csv
2026-04-24 08:34:18,166 [INFO] __main__.source.siscobra_celeiro - Iniciando download via form submit no navegador: Exportacao_Siscobra_Celeiro_20260423.csv
2026-04-24 08:34:18,169 [INFO] core.download_api - Disparando download via form submit no navegador: pasta='Exportação Siscobra Celeiro' arquivo='Exportacao_Siscobra_Celeiro_20260423.csv'
2026-04-24 08:34:18,169 [INFO] core.download_api - Usando base URL configurada para o contexto same-origin do File Manager: https://nef.revo360.io:10024
2026-04-24 08:34:18,169 [INFO] core.download_api - Garantindo contexto same-origin do File Manager na mesma aba: handle_atual=442F0A7BB5EDD8EF7AAC31513DF3F3BF url_atual=https://nef.revo360.io:10024/api/file-manager-file-system?path=..%5CUPLOAD&command=GetDirContents&arguments=%7B%22pathInfo%22%3A+%5B%7B%22key%22%3A+%22Exporta%C3%A7%C3%A3o+Siscobra+Celeiro%22%2C+%22name%22%3A+%22Exporta%C3%A7%C3%A3o+Siscobra+Celeiro%22%7D%5D%7D url_original=https://nef.revo360.io:10024/api/file-manager-file-system?path=..%5CUPLOAD&command=GetDirContents&arguments=%7B%22pathInfo%22%3A+%5B%7B%22key%22%3A+%22Exporta%C3%A7%C3%A3o+Siscobra+Celeiro%22%2C+%22name%22%3A+%22Exporta%C3%A7%C3%A3o+Siscobra+Celeiro%22%7D%5D%7D base_url=https://nef.revo360.io:10024
2026-04-24 08:34:18,332 [INFO] core.download_api - Contexto same-origin do File Manager validado: handle=442F0A7BB5EDD8EF7AAC31513DF3F3BF url=https://nef.revo360.io:10024/ readyState=complete
2026-04-24 08:34:18,335 [INFO] core.download_api - Contexto do File Manager carregado na mesma guia: handle_atual=442F0A7BB5EDD8EF7AAC31513DF3F3BF handle_original=442F0A7BB5EDD8EF7AAC31513DF3F3BF handle_file_manager=442F0A7BB5EDD8EF7AAC31513DF3F3BF url_atual=https://nef.revo360.io:10024/ url_original=https://nef.revo360.io:10024/api/file-manager-file-system?path=..%5CUPLOAD&command=GetDirContents&arguments=%7B%22pathInfo%22%3A+%5B%7B%22key%22%3A+%22Exporta%C3%A7%C3%A3o+Siscobra+Celeiro%22%2C+%22name%22%3A+%22Exporta%C3%A7%C3%A3o+Siscobra+Celeiro%22%7D%5D%7D mesma_aba=True aba_nova=False
2026-04-24 08:34:18,339 [INFO] core.download_api - Executando download do arquivo 'Exportacao_Siscobra_Celeiro_20260423.csv' no navegador autenticado: handle_atual=442F0A7BB5EDD8EF7AAC31513DF3F3BF handle_original=442F0A7BB5EDD8EF7AAC31513DF3F3BF handle_file_manager=442F0A7BB5EDD8EF7AAC31513DF3F3BF url_atual=https://nef.revo360.io:10024/ url_original=https://nef.revo360.io:10024/api/file-manager-file-system?path=..%5CUPLOAD&command=GetDirContents&arguments=%7B%22pathInfo%22%3A+%5B%7B%22key%22%3A+%22Exporta%C3%A7%C3%A3o+Siscobra+Celeiro%22%2C+%22name%22%3A+%22Exporta%C3%A7%C3%A3o+Siscobra+Celeiro%22%7D%5D%7D mesma_aba=True aba_nova=False base_url=https://nef.revo360.io:10024 endpoint=https://nef.revo360.io:10024/api/file-manager-file-system
2026-04-24 08:34:18,340 [INFO] core.download_api - Submetendo formulario de download na aba do File Manager: handle_file_manager=442F0A7BB5EDD8EF7AAC31513DF3F3BF action=https://nef.revo360.io:10024/api/file-manager-file-system?path=..%5CUPLOAD
2026-04-24 08:34:18,385 [INFO] core.download_api - Form submit de download disparado com sucesso: arquivo='Exportacao_Siscobra_Celeiro_20260423.csv' action=https://nef.revo360.io:10024/api/file-manager-file-system?path=..%5CUPLOAD
2026-04-24 08:34:18,385 [INFO] __main__.source.siscobra_celeiro - Download disparado. Aguardando arquivo no diretorio configurado: C:\Users\paulo.silva\projetos\nef-controldesk-revobot-siscobra\downloads
2026-04-24 08:34:18,898 [INFO] core.download - Validacao do download concluida: Exportacao_Siscobra_Celeiro_20260423.csv
2026-04-24 08:34:18,900 [INFO] __main__.source.siscobra_celeiro - Download via navegador concluido: Exportacao_Siscobra_Celeiro_20260423.csv
2026-04-24 08:34:18,901 [INFO] __main__.source.siscobra_celeiro - Arquivo salvo em: C:\Users\paulo.silva\projetos\nef-controldesk-revobot-siscobra\downloads\Exportacao_Siscobra_Celeiro_20260423.csv
2026-04-24 08:34:18,902 [INFO] __main__.source.siscobra_celeiro - Tamanho final do arquivo salvo: 214623 bytes
2026-04-24 08:34:18,903 [INFO] __main__.source.siscobra_celeiro - Tempo total do download: 0.73s
2026-04-24 08:34:21,332 [INFO] __main__.source.siscobra_celeiro - Etapa download concluida com sucesso.
2026-04-24 08:34:21,334 [INFO] __main__.source.siscobra_celeiro - Executando etapa prepare (try=1).
2026-04-24 08:34:21,367 [WARNING] core.download - CSV convertido de cp1252 para UTF-8 antes do tratamento: LOCAL_0914_80_NABARRETEFERRO_ACIONAMENTOS_20260423_083301.csv.tmp
2026-04-24 08:34:21,847 [INFO] core.download - Cabecalho removido do CSV: LOCAL_0914_80_NABARRETEFERRO_ACIONAMENTOS_20260423_083301.csv.tmp
2026-04-24 08:34:21,847 [INFO] core.download - Arquivo XLSX de visualizacao gerado: LOCAL_0914_80_NABARRETEFERRO_ACIONAMENTOS_20260423_083301_excel.xlsx
2026-04-24 08:34:21,855 [INFO] __main__.source.siscobra_celeiro - Prepare concluido: C:\Users\paulo.silva\projetos\nef-controldesk-revobot-siscobra\downloads\LOCAL_0914_80_NABARRETEFERRO_ACIONAMENTOS_20260423_083301.csv
2026-04-24 08:34:21,855 [INFO] __main__.source.siscobra_celeiro - Etapa prepare concluida com sucesso.
2026-04-24 08:34:21,860 [INFO] __main__.source.siscobra_celeiro - Etapa send_server desabilitada pelos targets do ciclo. Marcando como SKIPPED.
2026-04-24 08:34:21,866 [INFO] __main__.source.siscobra_celeiro - Executando etapa send_ftp (try=1).
2026-04-24 08:34:21,877 [INFO] core.download - Conectando ao FTP 172.25.68.13:990 (timeout=30s)
2026-04-24 08:34:21,997 [INFO] core.download - Autenticando no FTP
2026-04-24 08:34:22,308 [INFO] core.download - Canal de dados com TLS (prot_p)
2026-04-24 08:34:22,395 [INFO] core.download - Modo de transferencia FTP: PASV
2026-04-24 08:34:22,395 [INFO] core.download - Alterando diretorio no FTP: /ftp_nabarreteferro_adv/SISCOBRA/RETORNO
2026-04-24 08:34:23,019 [INFO] core.download - Verificacao FTP (sem SIZE): existe=False arquivo=LOCAL_0914_80_NABARRETEFERRO_ACIONAMENTOS_20260423_083301.csv
2026-04-24 08:34:23,059 [INFO] core.download - Iniciando envio ao FTP: LOCAL_0914_80_NABARRETEFERRO_ACIONAMENTOS_20260423_083301.csv
2026-04-24 08:34:23,071 [INFO] core.download - Conectando ao FTP 172.25.68.13:990 (timeout=30s)
2026-04-24 08:34:23,192 [INFO] core.download - Autenticando no FTP
2026-04-24 08:34:23,263 [INFO] core.download - Canal de dados com TLS (prot_p)
2026-04-24 08:34:23,332 [INFO] core.download - Modo de transferencia FTP: PASV
2026-04-24 08:34:23,333 [INFO] core.download - Alterando diretorio no FTP: /ftp_nabarreteferro_adv/SISCOBRA/RETORNO
2026-04-24 08:34:23,371 [INFO] core.download - Enviando arquivo via STOR: LOCAL_0914_80_NABARRETEFERRO_ACIONAMENTOS_20260423_083301.csv (protecao=P, modo=PASV)
2026-04-24 08:34:53,737 [WARNING] core.download - Timeout no envio/fechamento TLS (protecao=P, modo=PASV).
2026-04-24 08:34:53,737 [INFO] core.download - Conectando ao FTP 172.25.68.13:990 (timeout=30s)
2026-04-24 08:34:53,851 [INFO] core.download - Autenticando no FTP
2026-04-24 08:34:53,923 [INFO] core.download - Canal de dados com TLS (prot_p)
2026-04-24 08:34:53,991 [INFO] core.download - Modo de transferencia FTP: PASV
2026-04-24 08:34:53,992 [INFO] core.download - Alterando diretorio no FTP: /ftp_nabarreteferro_adv/SISCOBRA/RETORNO
2026-04-24 08:34:54,066 [INFO] core.download - Verificacao FTP: arquivo=LOCAL_0914_80_NABARRETEFERRO_ACIONAMENTOS_20260423_083301.csv tamanho_local=216426 tamanho_remoto=216426 ok=True
2026-04-24 08:34:54,101 [WARNING] core.download - Arquivo parece ter sido enviado com sucesso apesar do timeout (verificado por SIZE): LOCAL_0914_80_NABARRETEFERRO_ACIONAMENTOS_20260423_083301.csv
2026-04-24 08:34:54,103 [INFO] __main__.source.siscobra_celeiro - Etapa send_ftp concluida com sucesso.
2026-04-24 08:34:54,109 [INFO] __main__.source.siscobra_celeiro - Enviando notificacao WhatsApp via WAHA (base_url=http://69.6.221.156:3000, session=default, destinatarios=3).
2026-04-24 08:34:56,243 [ERROR] __main__.source.siscobra_celeiro - Falha ao enviar WhatsApp para 556793087866: HTTPConnectionPool(host='69.6.221.156', port=3000): Max retries exceeded with url: /api/sendText (Caused by NewConnectionError("HTTPConnection(host='69.6.221.156', port=3000): Failed to establish a new connection: [WinError 10061] Nenhuma conexão pôde ser feita porque a máquina de destino as recusou ativamente"))
2026-04-24 08:34:58,394 [ERROR] __main__.source.siscobra_celeiro - Falha ao enviar WhatsApp para 556781386476: HTTPConnectionPool(host='69.6.221.156', port=3000): Max retries exceeded with url: /api/sendText (Caused by NewConnectionError("HTTPConnection(host='69.6.221.156', port=3000): Failed to establish a new connection: [WinError 10061] Nenhuma conexão pôde ser feita porque a máquina de destino as recusou ativamente"))
2026-04-24 08:35:00,554 [ERROR] __main__.source.siscobra_celeiro - Falha ao enviar WhatsApp para 556781376048: HTTPConnectionPool(host='69.6.221.156', port=3000): Max retries exceeded with url: /api/sendText (Caused by NewConnectionError("HTTPConnection(host='69.6.221.156', port=3000): Failed to establish a new connection: [WinError 10061] Nenhuma conexão pôde ser feita porque a máquina de destino as recusou ativamente"))
2026-04-24 08:35:01,401 [INFO] __main__.source.siscobra_celeiro - Resumo enviado ao Google Chat.
2026-04-24 08:35:03,769 [ERROR] core.email_notifier - Falha ao enviar notificacao por e-mail: (535, b'5.7.8 Username and Password not accepted. For more information, go to\n5.7.8  https://support.google.com/mail/?p=BadCredentials 71dfb90a1353d-56fa93275f4sm13238067e0c.13 - gsmtp')
Traceback (most recent call last):
  File "C:\Users\paulo.silva\projetos\nef-controldesk-revobot-siscobra\src\core\email_notifier.py", line 90, in send_execution_email
    smtp.login(EMAIL_USER, EMAIL_PASSWORD)
  File "C:\Program Files\Python310\lib\smtplib.py", line 750, in login
    raise last_exception
  File "C:\Program Files\Python310\lib\smtplib.py", line 739, in login
    (code, resp) = self.auth(
  File "C:\Program Files\Python310\lib\smtplib.py", line 662, in auth
    raise SMTPAuthenticationError(code, resp)
smtplib.SMTPAuthenticationError: (535, b'5.7.8 Username and Password not accepted. For more information, go to\n5.7.8  https://support.google.com/mail/?p=BadCredentials 71dfb90a1353d-56fa93275f4sm13238067e0c.13 - gsmtp')
2026-04-24 08:35:03,769 [INFO] __main__.source.siscobra_celeiro - Source siscobra_celeiro concluido com sucesso na tentativa 1.
2026-04-24 08:35:03,785 [INFO] __main__.source.siscobra_celeiro - Enviando notificacao WhatsApp via WAHA (base_url=http://69.6.221.156:3000, session=default, destinatarios=3).
2026-04-24 08:35:05,949 [ERROR] __main__.source.siscobra_celeiro - Falha ao enviar WhatsApp para 556793087866: HTTPConnectionPool(host='69.6.221.156', port=3000): Max retries exceeded with url: /api/sendText (Caused by NewConnectionError("HTTPConnection(host='69.6.221.156', port=3000): Failed to establish a new connection: [WinError 10061] Nenhuma conexão pôde ser feita porque a máquina de destino as recusou ativamente"))
2026-04-24 08:35:08,097 [ERROR] __main__.source.siscobra_celeiro - Falha ao enviar WhatsApp para 556781386476: HTTPConnectionPool(host='69.6.221.156', port=3000): Max retries exceeded with url: /api/sendText (Caused by NewConnectionError("HTTPConnection(host='69.6.221.156', port=3000): Failed to establish a new connection: [WinError 10061] Nenhuma conexão pôde ser feita porque a máquina de destino as recusou ativamente"))
2026-04-24 08:35:10,237 [ERROR] __main__.source.siscobra_celeiro - Falha ao enviar WhatsApp para 556781376048: HTTPConnectionPool(host='69.6.221.156', port=3000): Max retries exceeded with url: /api/sendText (Caused by NewConnectionError("HTTPConnection(host='69.6.221.156', port=3000): Failed to establish a new connection: [WinError 10061] Nenhuma conexão pôde ser feita porque a máquina de destino as recusou ativamente"))
2026-04-24 08:35:11,169 [INFO] __main__.source.siscobra_celeiro - Resumo enviado ao Google Chat.
2026-04-24 08:35:14,246 [ERROR] core.email_notifier - Falha ao enviar notificacao por e-mail: (535, b'5.7.8 Username and Password not accepted. For more information, go to\n5.7.8  https://support.google.com/mail/?p=BadCredentials a1e0cc1a2514c-95890c16fbbsm11017241241.12 - gsmtp')
Traceback (most recent call last):
  File "C:\Users\paulo.silva\projetos\nef-controldesk-revobot-siscobra\src\core\email_notifier.py", line 90, in send_execution_email
    smtp.login(EMAIL_USER, EMAIL_PASSWORD)
  File "C:\Program Files\Python310\lib\smtplib.py", line 750, in login
    raise last_exception
  File "C:\Program Files\Python310\lib\smtplib.py", line 739, in login
    (code, resp) = self.auth(
  File "C:\Program Files\Python310\lib\smtplib.py", line 662, in auth
    raise SMTPAuthenticationError(code, resp)
smtplib.SMTPAuthenticationError: (535, b'5.7.8 Username and Password not accepted. For more information, go to\n5.7.8  https://support.google.com/mail/?p=BadCredentials a1e0cc1a2514c-95890c16fbbsm11017241241.12 - gsmtp')
2026-04-24 08:35:14,257 [INFO] __main__.source.siscobra_celeiro - Metricas do source: started=2026-04-24T08:33:59 finished=2026-04-24T08:35:14 duration_s=74.547 category=failed final_stage=send_ftp
2026-04-24 08:35:14,258 [INFO] __main__ - Source siscobra_celeiro finalizado com status=SUCCESS
2026-04-24 08:35:14,259 [INFO] __main__ - Resumo final do ciclo por source (padrao observabilidade):
2026-04-24 08:35:14,259 [INFO] __main__ - source=siscobra_celeiro enabled=True category=failed status=SUCCESS final_stage=send_ftp started=2026-04-24T08:33:01 finished=2026-04-24T08:35:14 duration_s=74.547 expected=Exportacao_Siscobra_Celeiro_20260423.csv resolved=Exportacao_Siscobra_Celeiro_20260423.csv server=False ftp=True error=-
2026-04-24 08:35:14,259 [INFO] __main__ - source=siscobra_planalto enabled=True category=skipped status=PENDING final_stage=download started=- finished=- duration_s=- expected=- resolved=- server=False ftp=True error=-
2026-04-24 08:35:14,259 [INFO] __main__ - source=siscobra_sudoeste enabled=True category=skipped status=PENDING final_stage=download started=- finished=- duration_s=- expected=- resolved=- server=False ftp=True error=-
2026-04-24 08:35:14,259 [INFO] __main__ - Resumo do ciclo: status=SUCCESS started=2026-04-24T08:33:59 finished=2026-04-24T08:35:14 duration_s=74.578 enabled=3 success=0 failed=1 not_found=0 skipped=2 disabled=0
2026-04-24 08:35:14,261 [INFO] __main__ - Resumo observabilidade persistido em C:\Users\paulo.silva\projetos\nef-controldesk-revobot-siscobra\downloads\logs\cycle_summary_2026-04-23.json
2026-04-24 08:35:14,262 [INFO] __main__ - Lock de instancia removido: C:\Users\paulo.silva\projetos\nef-controldesk-revobot-siscobra\downloads\logs\revo360.lock
