2026-04-15 10:41:31,346 [INFO] __main__ - Log iniciado em: C:\Projetos\nef-controldesk-revobot-siscobra\downloads\logs\execucao_20260415_104131.log
2026-04-15 10:41:31,347 [WARNING] __main__ - Execucao manual solicitada para ciclo 2026-04-14 (server=False ftp=True).
2026-04-15 10:41:31,348 [INFO] __main__ - Lock de instancia adquirido: C:\Projetos\nef-controldesk-revobot-siscobra\downloads\logs\revo360.lock
2026-04-15 10:41:31,348 [WARNING] __main__ - Execucao forcada: ignorando o agendamento configurado.
2026-04-15 10:41:31,349 [INFO] __main__ - Inicio do ciclo 2026-04-14 em 2026-04-15T10:41:31
2026-04-15 10:41:31,364 [INFO] __main__ - Ciclo 2026-04-14 carregado com targets: server=False ftp=True
2026-04-15 10:41:31,364 [INFO] __main__ - Pre-validacao de configuracao concluida: 3 source(s) configurado(s).
2026-04-15 10:41:31,365 [INFO] __main__ - Source selecionado manualmente: siscobra_planalto
2026-04-15 10:41:31,365 [INFO] __main__ - Sources habilitados para este ciclo (1): siscobra_planalto
2026-04-15 10:41:31,365 [INFO] __main__ - Processando source 1/1: siscobra_planalto
2026-04-15 10:41:31,366 [INFO] __main__.source.siscobra_planalto - Iniciando pipeline do source=siscobra_planalto
2026-04-15 10:41:31,368 [INFO] __main__.source.siscobra_planalto - Source siscobra_planalto - tentativa 1/10
2026-04-15 10:41:31,368 [INFO] __main__.source.siscobra_planalto - Executando etapa download (try=3).
2026-04-15 10:41:31,368 [INFO] __main__.source.siscobra_planalto - Iniciando login no REVO360 para o ciclo 2026-04-14 (source=siscobra_planalto)
2026-04-15 10:41:31,368 [INFO] WDM - ====== WebDriver manager ======
2026-04-15 10:41:32,179 [INFO] WDM - Get LATEST chromedriver version for google-chrome
2026-04-15 10:41:32,532 [INFO] WDM - Get LATEST chromedriver version for google-chrome
2026-04-15 10:41:32,868 [INFO] WDM - Driver [C:\Users\rafael.flores\.wdm\drivers\chromedriver\win64\147.0.7727.56\chromedriver-win32/chromedriver.exe] found in cache
2026-04-15 10:41:48,101 [INFO] __main__.source.siscobra_planalto - Login realizado com sucesso
2026-04-15 10:41:48,102 [INFO] __main__.source.siscobra_planalto - File Manager sera consultado via navegacao e form submit no navegador autenticado
2026-04-15 10:41:48,102 [INFO] __main__.source.siscobra_planalto - Consultando pasta remota no navegador autenticado: Exportação Siscobra Planalto
2026-04-15 10:41:48,102 [INFO] core.download_api - Executando listagem via navegacao do navegador para a pasta 'Exportação Siscobra Planalto'
2026-04-15 10:41:48,108 [INFO] core.download_api - Usando base URL configurada para o contexto same-origin do File Manager: https://nef.revo360.io:10024
2026-04-15 10:41:48,108 [INFO] core.download_api - Garantindo contexto same-origin do File Manager na mesma aba: handle_atual=8AEA506A5D2F1F663F48927967016A88 url_atual=https://nef.revo360.io/ url_original=https://nef.revo360.io/ base_url=https://nef.revo360.io:10024
2026-04-15 10:41:48,398 [INFO] core.download_api - Contexto same-origin do File Manager validado: handle=8AEA506A5D2F1F663F48927967016A88 url=https://nef.revo360.io:10024/ readyState=complete
2026-04-15 10:41:48,399 [INFO] core.download_api - Contexto do File Manager carregado na mesma guia: handle_atual=8AEA506A5D2F1F663F48927967016A88 handle_original=8AEA506A5D2F1F663F48927967016A88 handle_file_manager=8AEA506A5D2F1F663F48927967016A88 url_atual=https://nef.revo360.io:10024/ url_original=https://nef.revo360.io/ mesma_aba=True aba_nova=False
2026-04-15 10:41:48,404 [INFO] core.download_api - Executando listagem da pasta 'Exportação Siscobra Planalto' no navegador autenticado: handle_atual=8AEA506A5D2F1F663F48927967016A88 handle_original=8AEA506A5D2F1F663F48927967016A88 handle_file_manager=8AEA506A5D2F1F663F48927967016A88 url_atual=https://nef.revo360.io:10024/ url_original=https://nef.revo360.io/ mesma_aba=True aba_nova=False base_url=https://nef.revo360.io:10024 endpoint=https://nef.revo360.io:10024/api/file-manager-file-system
2026-04-15 10:41:48,405 [INFO] core.download_api - Navegando na aba do File Manager para listar arquivos: handle_file_manager=8AEA506A5D2F1F663F48927967016A88 url=https://nef.revo360.io:10024/api/file-manager-file-system?path=..%5CUPLOAD&command=GetDirContents&arguments=%7B%22pathInfo%22%3A+%5B%7B%22key%22%3A+%22Exporta%C3%A7%C3%A3o+Siscobra+Planalto%22%2C+%22name%22%3A+%22Exporta%C3%A7%C3%A3o+Siscobra+Planalto%22%7D%5D%7D
2026-04-15 10:41:48,550 [INFO] core.download_api - Contexto same-origin do File Manager validado: handle=8AEA506A5D2F1F663F48927967016A88 url=https://nef.revo360.io:10024/api/file-manager-file-system?path=..%5CUPLOAD&command=GetDirContents&arguments=%7B%22pathInfo%22%3A+%5B%7B%22key%22%3A+%22Exporta%C3%A7%C3%A3o+Siscobra+Planalto%22%2C+%22name%22%3A+%22Exporta%C3%A7%C3%A3o+Siscobra+Planalto%22%7D%5D%7D readyState=complete
2026-04-15 10:41:48,560 [INFO] core.download_api - Payload bruto da listagem (primeiros 1000 caracteres): handle_atual=8AEA506A5D2F1F663F48927967016A88 url_atual=https://nef.revo360.io:10024/api/file-manager-file-system?path=..%5CUPLOAD&command=GetDirContents&arguments=%7B%22pathInfo%22%3A+%5B%7B%22key%22%3A+%22Exporta%C3%A7%C3%A3o+Siscobra+Planalto%22%2C+%22name%22%3A+%22Exporta%C3%A7%C3%A3o+Siscobra+Planalto%22%7D%5D%7D url_original=https://nef.revo360.io/ mesma_aba=True payload={"success":true,"errorCode":null,"errorText":"","result":[{"key":"Exportação Siscobra Planalto\\Exportacao_Siscobra_Planalto_20260312.csv","name":"Exportacao_Siscobra_Planalto_20260312.csv","dateModified":"2026-03-12T22:30:00.9848844Z","isDirectory":false,"size":46875,"hasSubDirectories":false},{"key":"Exportação Siscobra Planalto\\Exportacao_Siscobra_Planalto_20260313.csv","name":"Exportacao_Siscobra_Planalto_20260313.csv","dateModified":"2026-03-13T22:30:02.7981838Z","isDirectory":false,"size":128095,"hasSubDirectories":false},{"key":"Exportação Siscobra Planalto\\Exportacao_Siscobra_Planalto_20260314.csv","name":"Exportacao_Siscobra_Planalto_20260314.csv","dateModified":"2026-03-14T22:30:00.7696369Z","isDirectory":false,"size":190,"hasSubDirectories":false},{"key":"Exportação Siscobra Planalto\\Exportacao_Siscobra_Planalto_20260315.csv","name":"Exportacao_Siscobra_Planalto_20260315.csv","dateModified":"2026-03-15T22:30:00.7843582Z","isDirectory":false,"size":190,"hasSubDirectories":
2026-04-15 10:41:48,560 [INFO] core.download_api - Listagem via navegacao do navegador concluida: 34 item(ns) em 'Exportação Siscobra Planalto'
2026-04-15 10:41:48,561 [INFO] __main__.source.siscobra_planalto - Listagem via navegacao do navegador concluida: 34 item(ns) em 'Exportação Siscobra Planalto'
2026-04-15 10:41:48,562 [INFO] __main__.source.siscobra_planalto - Arquivo selecionado para o ciclo 2026-04-14 (source=siscobra_planalto): Exportacao_Siscobra_Planalto_20260414.csv
2026-04-15 10:41:48,563 [INFO] core.download - Limpeza pre-download: nenhum arquivo antigo para Exportacao_Siscobra_Planalto_20260414.csv
2026-04-15 10:41:48,563 [INFO] __main__.source.siscobra_planalto - Iniciando download via form submit no navegador: Exportacao_Siscobra_Planalto_20260414.csv
2026-04-15 10:41:48,564 [INFO] core.download_api - Disparando download via form submit no navegador: pasta='Exportação Siscobra Planalto' arquivo='Exportacao_Siscobra_Planalto_20260414.csv'
2026-04-15 10:41:48,571 [INFO] core.download_api - Usando base URL configurada para o contexto same-origin do File Manager: https://nef.revo360.io:10024
2026-04-15 10:41:48,571 [INFO] core.download_api - Garantindo contexto same-origin do File Manager na mesma aba: handle_atual=8AEA506A5D2F1F663F48927967016A88 url_atual=https://nef.revo360.io:10024/api/file-manager-file-system?path=..%5CUPLOAD&command=GetDirContents&arguments=%7B%22pathInfo%22%3A+%5B%7B%22key%22%3A+%22Exporta%C3%A7%C3%A3o+Siscobra+Planalto%22%2C+%22name%22%3A+%22Exporta%C3%A7%C3%A3o+Siscobra+Planalto%22%7D%5D%7D url_original=https://nef.revo360.io:10024/api/file-manager-file-system?path=..%5CUPLOAD&command=GetDirContents&arguments=%7B%22pathInfo%22%3A+%5B%7B%22key%22%3A+%22Exporta%C3%A7%C3%A3o+Siscobra+Planalto%22%2C+%22name%22%3A+%22Exporta%C3%A7%C3%A3o+Siscobra+Planalto%22%7D%5D%7D base_url=https://nef.revo360.io:10024
2026-04-15 10:41:48,730 [INFO] core.download_api - Contexto same-origin do File Manager validado: handle=8AEA506A5D2F1F663F48927967016A88 url=https://nef.revo360.io:10024/ readyState=complete
2026-04-15 10:41:48,733 [INFO] core.download_api - Contexto do File Manager carregado na mesma guia: handle_atual=8AEA506A5D2F1F663F48927967016A88 handle_original=8AEA506A5D2F1F663F48927967016A88 handle_file_manager=8AEA506A5D2F1F663F48927967016A88 url_atual=https://nef.revo360.io:10024/ url_original=https://nef.revo360.io:10024/api/file-manager-file-system?path=..%5CUPLOAD&command=GetDirContents&arguments=%7B%22pathInfo%22%3A+%5B%7B%22key%22%3A+%22Exporta%C3%A7%C3%A3o+Siscobra+Planalto%22%2C+%22name%22%3A+%22Exporta%C3%A7%C3%A3o+Siscobra+Planalto%22%7D%5D%7D mesma_aba=True aba_nova=False
2026-04-15 10:41:48,738 [INFO] core.download_api - Executando download do arquivo 'Exportacao_Siscobra_Planalto_20260414.csv' no navegador autenticado: handle_atual=8AEA506A5D2F1F663F48927967016A88 handle_original=8AEA506A5D2F1F663F48927967016A88 handle_file_manager=8AEA506A5D2F1F663F48927967016A88 url_atual=https://nef.revo360.io:10024/ url_original=https://nef.revo360.io:10024/api/file-manager-file-system?path=..%5CUPLOAD&command=GetDirContents&arguments=%7B%22pathInfo%22%3A+%5B%7B%22key%22%3A+%22Exporta%C3%A7%C3%A3o+Siscobra+Planalto%22%2C+%22name%22%3A+%22Exporta%C3%A7%C3%A3o+Siscobra+Planalto%22%7D%5D%7D mesma_aba=True aba_nova=False base_url=https://nef.revo360.io:10024 endpoint=https://nef.revo360.io:10024/api/file-manager-file-system
2026-04-15 10:41:48,739 [INFO] core.download_api - Submetendo formulario de download na aba do File Manager: handle_file_manager=8AEA506A5D2F1F663F48927967016A88 action=https://nef.revo360.io:10024/api/file-manager-file-system?path=..%5CUPLOAD
2026-04-15 10:41:48,833 [INFO] core.download_api - Form submit de download disparado com sucesso: arquivo='Exportacao_Siscobra_Planalto_20260414.csv' action=https://nef.revo360.io:10024/api/file-manager-file-system?path=..%5CUPLOAD
2026-04-15 10:41:48,834 [INFO] __main__.source.siscobra_planalto - Download disparado. Aguardando arquivo no diretorio configurado: C:\Projetos\nef-controldesk-revobot-siscobra\downloads
2026-04-15 10:41:49,336 [INFO] core.download - Validacao do download concluida: Exportacao_Siscobra_Planalto_20260414.csv
2026-04-15 10:41:49,336 [INFO] __main__.source.siscobra_planalto - Download via navegador concluido: Exportacao_Siscobra_Planalto_20260414.csv
2026-04-15 10:41:49,337 [INFO] __main__.source.siscobra_planalto - Arquivo salvo em: C:\Projetos\nef-controldesk-revobot-siscobra\downloads\Exportacao_Siscobra_Planalto_20260414.csv
2026-04-15 10:41:49,337 [INFO] __main__.source.siscobra_planalto - Tamanho final do arquivo salvo: 277849 bytes
2026-04-15 10:41:49,337 [INFO] __main__.source.siscobra_planalto - Tempo total do download: 0.77s
2026-04-15 10:41:51,491 [INFO] __main__.source.siscobra_planalto - Etapa download concluida com sucesso.
2026-04-15 10:41:51,493 [INFO] __main__.source.siscobra_planalto - Executando etapa prepare (try=1).
2026-04-15 10:41:51,514 [WARNING] core.download - CSV convertido de cp1252 para UTF-8 antes do tratamento: LOCAL_3953_190_NABARRETEFERRO_ACIONAMENTOS_20260414_103129.csv.tmp
2026-04-15 10:41:51,928 [INFO] core.download - Cabecalho removido do CSV: LOCAL_3953_190_NABARRETEFERRO_ACIONAMENTOS_20260414_103129.csv.tmp
2026-04-15 10:41:51,928 [INFO] core.download - Arquivo XLSX de visualizacao gerado: LOCAL_3953_190_NABARRETEFERRO_ACIONAMENTOS_20260414_103129_excel.xlsx
2026-04-15 10:41:51,929 [INFO] __main__.source.siscobra_planalto - Prepare concluido: C:\Projetos\nef-controldesk-revobot-siscobra\downloads\LOCAL_3953_190_NABARRETEFERRO_ACIONAMENTOS_20260414_103129.csv
2026-04-15 10:41:51,929 [INFO] __main__.source.siscobra_planalto - Etapa prepare concluida com sucesso.
2026-04-15 10:41:51,930 [INFO] __main__.source.siscobra_planalto - Etapa send_server desabilitada pelos targets do ciclo. Marcando como SKIPPED.
2026-04-15 10:41:51,932 [INFO] __main__.source.siscobra_planalto - Executando etapa send_ftp (try=1).
2026-04-15 10:41:51,945 [INFO] core.download - Conectando ao FTP 172.25.68.13:990 (timeout=30s)
2026-04-15 10:41:52,055 [INFO] core.download - Autenticando no FTP
2026-04-15 10:41:52,152 [ERROR] core.download - Falha ao verificar arquivo no FTP: LOCAL_3953_190_NABARRETEFERRO_ACIONAMENTOS_20260414_103129.csv
Traceback (most recent call last):
  File "C:\Projetos\nef-controldesk-revobot-siscobra\src\core\download.py", line 475, in _verificar_upload_ftp
    ftp = _abrir_conexao_ftp(contexto, passive=True, data_protection="P", ftp_dir=ftp_dir)
  File "C:\Projetos\nef-controldesk-revobot-siscobra\src\core\download.py", line 153, in _abrir_conexao_ftp
    ftp.login(FTP_USER, FTP_PASSWORD)
    ~~~~~~~~~^^^^^^^^^^^^^^^^^^^^^^^^
  File "C:\Program Files\Python313\Lib\ftplib.py", line 724, in login
    return super().login(user, passwd, acct)
           ~~~~~~~~~~~~~^^^^^^^^^^^^^^^^^^^^
  File "C:\Program Files\Python313\Lib\ftplib.py", line 414, in login
    resp = self.sendcmd('PASS ' + passwd)
  File "C:\Program Files\Python313\Lib\ftplib.py", line 281, in sendcmd
    return self.getresp()
           ~~~~~~~~~~~~^^
  File "C:\Program Files\Python313\Lib\ftplib.py", line 254, in getresp
    raise error_perm(resp)
ftplib.error_perm: 530 User cannot log in.
2026-04-15 10:41:52,168 [INFO] core.download - Iniciando envio ao FTP: LOCAL_3953_190_NABARRETEFERRO_ACIONAMENTOS_20260414_103129.csv
2026-04-15 10:41:52,182 [INFO] core.download - Conectando ao FTP 172.25.68.13:990 (timeout=30s)
2026-04-15 10:41:52,289 [INFO] core.download - Autenticando no FTP
2026-04-15 10:41:52,381 [ERROR] core.download - Falha no envio ao FTP
Traceback (most recent call last):
  File "C:\Projetos\nef-controldesk-revobot-siscobra\src\core\download.py", line 540, in enviar_arquivo_ftp
    ftp = _abrir_conexao_ftp(
        contexto,
    ...<2 lines>...
        ftp_dir=ftp_dir,
    )
  File "C:\Projetos\nef-controldesk-revobot-siscobra\src\core\download.py", line 153, in _abrir_conexao_ftp
    ftp.login(FTP_USER, FTP_PASSWORD)
    ~~~~~~~~~^^^^^^^^^^^^^^^^^^^^^^^^
  File "C:\Program Files\Python313\Lib\ftplib.py", line 724, in login
    return super().login(user, passwd, acct)
           ~~~~~~~~~~~~~^^^^^^^^^^^^^^^^^^^^
  File "C:\Program Files\Python313\Lib\ftplib.py", line 414, in login
    resp = self.sendcmd('PASS ' + passwd)
  File "C:\Program Files\Python313\Lib\ftplib.py", line 281, in sendcmd
    return self.getresp()
           ~~~~~~~~~~~~^^
  File "C:\Program Files\Python313\Lib\ftplib.py", line 254, in getresp
    raise error_perm(resp)
ftplib.error_perm: 530 User cannot log in.
2026-04-15 10:41:52,383 [ERROR] __main__.source.siscobra_planalto - Falha na etapa send_ftp: 530 User cannot log in.
Traceback (most recent call last):
  File "C:\Projetos\nef-controldesk-revobot-siscobra\src\core\pipeline_orchestrator.py", line 54, in execute_stage_flow
    run_single_stage(stage, logger, state, cycle_date)
    ~~~~~~~~~~~~~~~~^^^^^^^^^^^^^^^^^^^^^^^^^^^^^^^^^^
  File "C:\Projetos\nef-controldesk-revobot-siscobra\main.py", line 1312, in _run_single_stage
    _run_send_ftp_stage(logger, state)
    ~~~~~~~~~~~~~~~~~~~^^^^^^^^^^^^^^^
  File "C:\Projetos\nef-controldesk-revobot-siscobra\main.py", line 1298, in _run_send_ftp_stage
    enviar_arquivo_ftp(prepared, ftp_dir=ftp_dir)
    ~~~~~~~~~~~~~~~~~~^^^^^^^^^^^^^^^^^^^^^^^^^^^
  File "C:\Projetos\nef-controldesk-revobot-siscobra\src\core\download.py", line 540, in enviar_arquivo_ftp
    ftp = _abrir_conexao_ftp(
        contexto,
    ...<2 lines>...
        ftp_dir=ftp_dir,
    )
  File "C:\Projetos\nef-controldesk-revobot-siscobra\src\core\download.py", line 153, in _abrir_conexao_ftp
    ftp.login(FTP_USER, FTP_PASSWORD)
    ~~~~~~~~~^^^^^^^^^^^^^^^^^^^^^^^^
  File "C:\Program Files\Python313\Lib\ftplib.py", line 724, in login
    return super().login(user, passwd, acct)
           ~~~~~~~~~~~~~^^^^^^^^^^^^^^^^^^^^
  File "C:\Program Files\Python313\Lib\ftplib.py", line 414, in login
    resp = self.sendcmd('PASS ' + passwd)
  File "C:\Program Files\Python313\Lib\ftplib.py", line 281, in sendcmd
    return self.getresp()
           ~~~~~~~~~~~~^^
  File "C:\Program Files\Python313\Lib\ftplib.py", line 254, in getresp
    raise error_perm(resp)
ftplib.error_perm: 530 User cannot log in.
2026-04-15 10:41:52,388 [INFO] __main__.source.siscobra_planalto - Enviando notificacao WhatsApp via WAHA (base_url=http://69.6.221.156:3000, session=default, destinatarios=3).
2026-04-15 10:41:54,502 [ERROR] __main__.source.siscobra_planalto - Falha ao enviar WhatsApp para 556793087866: HTTPConnectionPool(host='69.6.221.156', port=3000): Max retries exceeded with url: /api/sendText (Caused by NewConnectionError("HTTPConnection(host='69.6.221.156', port=3000): Failed to establish a new connection: [WinError 10061] Nenhuma conexão pôde ser feita porque a máquina de destino as recusou ativamente"))
2026-04-15 10:41:56,661 [ERROR] __main__.source.siscobra_planalto - Falha ao enviar WhatsApp para 556781386476: HTTPConnectionPool(host='69.6.221.156', port=3000): Max retries exceeded with url: /api/sendText (Caused by NewConnectionError("HTTPConnection(host='69.6.221.156', port=3000): Failed to establish a new connection: [WinError 10061] Nenhuma conexão pôde ser feita porque a máquina de destino as recusou ativamente"))
2026-04-15 10:41:58,804 [ERROR] __main__.source.siscobra_planalto - Falha ao enviar WhatsApp para 556781376048: HTTPConnectionPool(host='69.6.221.156', port=3000): Max retries exceeded with url: /api/sendText (Caused by NewConnectionError("HTTPConnection(host='69.6.221.156', port=3000): Failed to establish a new connection: [WinError 10061] Nenhuma conexão pôde ser feita porque a máquina de destino as recusou ativamente"))
2026-04-15 10:42:00,004 [INFO] __main__.source.siscobra_planalto - Resumo enviado ao Google Chat.
2026-04-15 10:42:02,773 [ERROR] core.email_notifier - Falha ao enviar notificacao por e-mail: (535, b'5.7.8 Username and Password not accepted. For more information, go to\n5.7.8  https://support.google.com/mail/?p=BadCredentials ada2fe7eead31-612ccb2498dsm871492137.1 - gsmtp')
Traceback (most recent call last):
  File "C:\Projetos\nef-controldesk-revobot-siscobra\src\core\email_notifier.py", line 90, in send_execution_email
    smtp.login(EMAIL_USER, EMAIL_PASSWORD)
    ~~~~~~~~~~^^^^^^^^^^^^^^^^^^^^^^^^^^^^
  File "C:\Program Files\Python313\Lib\smtplib.py", line 764, in login
    raise last_exception
  File "C:\Program Files\Python313\Lib\smtplib.py", line 753, in login
    (code, resp) = self.auth(
                   ~~~~~~~~~^
        authmethod, getattr(self, method_name),
        ^^^^^^^^^^^^^^^^^^^^^^^^^^^^^^^^^^^^^^^
        initial_response_ok=initial_response_ok)
        ^^^^^^^^^^^^^^^^^^^^^^^^^^^^^^^^^^^^^^^^
  File "C:\Program Files\Python313\Lib\smtplib.py", line 671, in auth
    raise SMTPAuthenticationError(code, resp)
smtplib.SMTPAuthenticationError: (535, b'5.7.8 Username and Password not accepted. For more information, go to\n5.7.8  https://support.google.com/mail/?p=BadCredentials ada2fe7eead31-612ccb2498dsm871492137.1 - gsmtp')
2026-04-15 10:42:02,775 [WARNING] __main__.source.siscobra_planalto - Source siscobra_planalto falhou. Nova tentativa em 1800 segundos.
2026-04-15 10:43:40,035 [INFO] __main__.source.siscobra_planalto - Metricas do source: started=2026-04-15T10:41:31 finished=2026-04-15T10:43:40 duration_s=128.667 category=failed final_stage=send_ftp
2026-04-15 10:43:40,036 [INFO] __main__ - Lock de instancia removido: C:\Projetos\nef-controldesk-revobot-siscobra\downloads\logs\revo360.lock
2026-04-15 10:43:40,036 [INFO] __main__ - Execucao interrompida pelo usuario (Ctrl+C).
