2026-08-03 08:00:46,302 [INFO] __main__ - Log iniciado em: C:\Users\paulo.silva\nef-controldesk-revobot-siscobra\downloads\logs\execucao_20260803_080046.log
2026-08-03 08:00:46,305 [WARNING] __main__ - Execucao manual solicitada para ciclo 2026-07-31 (server=True ftp=True).
2026-08-03 08:00:46,307 [INFO] __main__ - Lock de instancia adquirido: C:\Users\paulo.silva\nef-controldesk-revobot-siscobra\downloads\logs\revo360.lock
2026-08-03 08:00:46,307 [WARNING] __main__ - Execucao forcada: ignorando o agendamento configurado.
2026-08-03 08:00:46,307 [INFO] __main__ - Inicio do ciclo 2026-07-31 em 2026-08-03T08:00:46
2026-08-03 08:00:46,331 [INFO] __main__ - Ciclo 2026-07-31 carregado com targets: server=True ftp=True
2026-08-03 08:00:46,332 [INFO] __main__ - Pre-validacao de configuracao concluida: 5 source(s) configurado(s).
2026-08-03 08:00:46,332 [INFO] __main__ - Source selecionado manualmente: siscobra_uniao
2026-08-03 08:00:46,333 [INFO] __main__ - Sources habilitados para este ciclo (1): siscobra_uniao
2026-08-03 08:00:46,333 [INFO] __main__ - Processando source 1/1: siscobra_uniao
2026-08-03 08:00:46,340 [INFO] __main__.source.siscobra_uniao - Iniciando pipeline do source=siscobra_uniao
2026-08-03 08:00:46,344 [INFO] __main__.source.siscobra_uniao - Source siscobra_uniao - tentativa 1/10
2026-08-03 08:00:46,347 [INFO] __main__.source.siscobra_uniao - Executando etapa download (try=2).
2026-08-03 08:00:46,348 [INFO] __main__.source.siscobra_uniao - Iniciando login HTTP no REVO360 para o ciclo 2026-07-31 (source=siscobra_uniao)
2026-08-03 08:00:46,348 [INFO] core.download_api - Iniciando autenticacao HTTP no REVO360: https://nef.revo360.io/api/revolutionService/loginUserCRM
2026-08-03 08:00:48,307 [INFO] core.download_api - Login HTTP no REVO360 concluido: usuario=rafael.flores endpoint_file_manager=https://nef.revo360.io:10024/api/file-manager-file-system
2026-08-03 08:00:48,312 [INFO] __main__.source.siscobra_uniao - Login HTTP realizado com sucesso
2026-08-03 08:00:48,313 [INFO] __main__.source.siscobra_uniao - File Manager sera consultado por requests.Session via HTTP direto
2026-08-03 08:00:48,313 [INFO] __main__.source.siscobra_uniao - Consultando pasta remota via API HTTP: Exportação Siscobra União
2026-08-03 08:00:48,313 [INFO] core.download_api - Executando diagnostico de autenticacao HTTP da API File Manager na raiz '..\UPLOAD'
2026-08-03 08:00:48,314 [INFO] core.download_api - Executando diagnostico da sessao HTTP da API (tentativa 1/3)
2026-08-03 08:00:48,315 [INFO] core.download_api - listagem da pasta '..\UPLOAD': request method=GET url=https://nef.revo360.io:10024/api/file-manager-file-system?path=..%5CUPLOAD&command=GetDirContents&arguments=%7B%22pathInfo%22%3A+%5B%5D%7D params={'path': '..\\UPLOAD', 'command': 'GetDirContents', 'arguments': '{"pathInfo": []}'} headers={'User-Agent': 'python-requests/2.32.3', 'Accept-Encoding': 'gzip, deflate', 'Accept': 'application/json, text/javascript, */*; q=0.01', 'Connection': 'keep-alive', 'Origin': 'https://nef.revo360.io:10024', 'Referer': 'https://nef.revo360.io/'} cookies_na_sessao=[]
2026-08-03 08:01:03,349 [WARNING] core.download_api - Falha transiente em diagnostico da sessao HTTP da API na tentativa 1/3: HTTPSConnectionPool(host='nef.revo360.io', port=10024): Max retries exceeded with url: /api/file-manager-file-system?path=..%5CUPLOAD&command=GetDirContents&arguments=%7B%22pathInfo%22%3A+%5B%5D%7D (Caused by ConnectTimeoutError(<HTTPSConnection(host='nef.revo360.io', port=10024) at 0x226da645c60>, 'Connection to nef.revo360.io timed out. (connect timeout=15)')). Nova tentativa em 1.0s.
2026-08-03 08:01:04,365 [INFO] core.download_api - Executando diagnostico da sessao HTTP da API (tentativa 2/3)
2026-08-03 08:01:04,365 [INFO] core.download_api - listagem da pasta '..\UPLOAD': request method=GET url=https://nef.revo360.io:10024/api/file-manager-file-system?path=..%5CUPLOAD&command=GetDirContents&arguments=%7B%22pathInfo%22%3A+%5B%5D%7D params={'path': '..\\UPLOAD', 'command': 'GetDirContents', 'arguments': '{"pathInfo": []}'} headers={'User-Agent': 'python-requests/2.32.3', 'Accept-Encoding': 'gzip, deflate', 'Accept': 'application/json, text/javascript, */*; q=0.01', 'Connection': 'keep-alive', 'Origin': 'https://nef.revo360.io:10024', 'Referer': 'https://nef.revo360.io/'} cookies_na_sessao=[]
2026-08-03 08:01:19,397 [WARNING] core.download_api - Falha transiente em diagnostico da sessao HTTP da API na tentativa 2/3: HTTPSConnectionPool(host='nef.revo360.io', port=10024): Max retries exceeded with url: /api/file-manager-file-system?path=..%5CUPLOAD&command=GetDirContents&arguments=%7B%22pathInfo%22%3A+%5B%5D%7D (Caused by ConnectTimeoutError(<HTTPSConnection(host='nef.revo360.io', port=10024) at 0x226da645b10>, 'Connection to nef.revo360.io timed out. (connect timeout=15)')). Nova tentativa em 2.0s.
2026-08-03 08:01:21,416 [INFO] core.download_api - Executando diagnostico da sessao HTTP da API (tentativa 3/3)
2026-08-03 08:01:21,416 [INFO] core.download_api - listagem da pasta '..\UPLOAD': request method=GET url=https://nef.revo360.io:10024/api/file-manager-file-system?path=..%5CUPLOAD&command=GetDirContents&arguments=%7B%22pathInfo%22%3A+%5B%5D%7D params={'path': '..\\UPLOAD', 'command': 'GetDirContents', 'arguments': '{"pathInfo": []}'} headers={'User-Agent': 'python-requests/2.32.3', 'Accept-Encoding': 'gzip, deflate', 'Accept': 'application/json, text/javascript, */*; q=0.01', 'Connection': 'keep-alive', 'Origin': 'https://nef.revo360.io:10024', 'Referer': 'https://nef.revo360.io/'} cookies_na_sessao=[]
2026-08-03 08:01:36,454 [ERROR] __main__.source.siscobra_uniao - Falha na etapa download: HTTPSConnectionPool(host='nef.revo360.io', port=10024): Max retries exceeded with url: /api/file-manager-file-system?path=..%5CUPLOAD&command=GetDirContents&arguments=%7B%22pathInfo%22%3A+%5B%5D%7D (Caused by ConnectTimeoutError(<HTTPSConnection(host='nef.revo360.io', port=10024) at 0x226da690280>, 'Connection to nef.revo360.io timed out. (connect timeout=15)'))
Traceback (most recent call last):
  File "C:\Users\paulo.silva\AppData\Roaming\Python\Python310\site-packages\urllib3\connection.py", line 204, in _new_conn
    sock = connection.create_connection(
  File "C:\Users\paulo.silva\AppData\Roaming\Python\Python310\site-packages\urllib3\util\connection.py", line 85, in create_connection
    raise err
  File "C:\Users\paulo.silva\AppData\Roaming\Python\Python310\site-packages\urllib3\util\connection.py", line 73, in create_connection
    sock.connect(sa)
TimeoutError: timed out

The above exception was the direct cause of the following exception:

Traceback (most recent call last):
  File "C:\Users\paulo.silva\AppData\Roaming\Python\Python310\site-packages\urllib3\connectionpool.py", line 787, in urlopen
    response = self._make_request(
  File "C:\Users\paulo.silva\AppData\Roaming\Python\Python310\site-packages\urllib3\connectionpool.py", line 488, in _make_request
    raise new_e
  File "C:\Users\paulo.silva\AppData\Roaming\Python\Python310\site-packages\urllib3\connectionpool.py", line 464, in _make_request
    self._validate_conn(conn)
  File "C:\Users\paulo.silva\AppData\Roaming\Python\Python310\site-packages\urllib3\connectionpool.py", line 1093, in _validate_conn
    conn.connect()
  File "C:\Users\paulo.silva\AppData\Roaming\Python\Python310\site-packages\urllib3\connection.py", line 759, in connect
    self.sock = sock = self._new_conn()
  File "C:\Users\paulo.silva\AppData\Roaming\Python\Python310\site-packages\urllib3\connection.py", line 213, in _new_conn
    raise ConnectTimeoutError(
urllib3.exceptions.ConnectTimeoutError: (<HTTPSConnection(host='nef.revo360.io', port=10024) at 0x226da690280>, 'Connection to nef.revo360.io timed out. (connect timeout=15)')

The above exception was the direct cause of the following exception:

Traceback (most recent call last):
  File "C:\Users\paulo.silva\AppData\Roaming\Python\Python310\site-packages\requests\adapters.py", line 667, in send
    resp = conn.urlopen(
  File "C:\Users\paulo.silva\AppData\Roaming\Python\Python310\site-packages\urllib3\connectionpool.py", line 841, in urlopen
    retries = retries.increment(
  File "C:\Users\paulo.silva\AppData\Roaming\Python\Python310\site-packages\urllib3\util\retry.py", line 535, in increment
    raise MaxRetryError(_pool, url, reason) from reason  # type: ignore[arg-type]
urllib3.exceptions.MaxRetryError: HTTPSConnectionPool(host='nef.revo360.io', port=10024): Max retries exceeded with url: /api/file-manager-file-system?path=..%5CUPLOAD&command=GetDirContents&arguments=%7B%22pathInfo%22%3A+%5B%5D%7D (Caused by ConnectTimeoutError(<HTTPSConnection(host='nef.revo360.io', port=10024) at 0x226da690280>, 'Connection to nef.revo360.io timed out. (connect timeout=15)'))

During handling of the above exception, another exception occurred:

Traceback (most recent call last):
  File "C:\Users\paulo.silva\nef-controldesk-revobot-siscobra\src\core\pipeline_orchestrator.py", line 54, in execute_stage_flow
    run_single_stage(stage, logger, state, cycle_date)
  File "C:\Users\paulo.silva\nef-controldesk-revobot-siscobra\main.py", line 1278, in _run_single_stage
    _run_download_stage(logger, state, cycle_date)
  File "C:\Users\paulo.silva\nef-controldesk-revobot-siscobra\main.py", line 1093, in _run_download_stage
    itens = listar_arquivos_api(session, remote_folder)
  File "C:\Users\paulo.silva\nef-controldesk-revobot-siscobra\src\core\download_api.py", line 857, in listar_arquivos_api
    itens = _listar_arquivos_api_raw(sessao, pasta)
  File "C:\Users\paulo.silva\nef-controldesk-revobot-siscobra\src\core\download_api.py", line 841, in _listar_arquivos_api_raw
    _diagnosticar_autenticacao_sessao_http(sessao)
  File "C:\Users\paulo.silva\nef-controldesk-revobot-siscobra\src\core\download_api.py", line 828, in _diagnosticar_autenticacao_sessao_http
    _executar_com_retry("diagnostico da sessao HTTP da API", _operacao)
  File "C:\Users\paulo.silva\nef-controldesk-revobot-siscobra\src\core\download_api.py", line 487, in _executar_com_retry
    return operacao()
  File "C:\Users\paulo.silva\nef-controldesk-revobot-siscobra\src\core\download_api.py", line 820, in _operacao
    itens = _executar_get_dir_contents(sessao, [], FILE_MANAGER_ROOT)
  File "C:\Users\paulo.silva\nef-controldesk-revobot-siscobra\src\core\download_api.py", line 795, in _executar_get_dir_contents
    response = sessao.get(
  File "C:\Users\paulo.silva\AppData\Roaming\Python\Python310\site-packages\requests\sessions.py", line 602, in get
    return self.request("GET", url, **kwargs)
  File "C:\Users\paulo.silva\AppData\Roaming\Python\Python310\site-packages\requests\sessions.py", line 589, in request
    resp = self.send(prep, **send_kwargs)
  File "C:\Users\paulo.silva\AppData\Roaming\Python\Python310\site-packages\requests\sessions.py", line 703, in send
    r = adapter.send(request, **kwargs)
  File "C:\Users\paulo.silva\AppData\Roaming\Python\Python310\site-packages\requests\adapters.py", line 688, in send
    raise ConnectTimeout(e, request=request)
requests.exceptions.ConnectTimeout: HTTPSConnectionPool(host='nef.revo360.io', port=10024): Max retries exceeded with url: /api/file-manager-file-system?path=..%5CUPLOAD&command=GetDirContents&arguments=%7B%22pathInfo%22%3A+%5B%5D%7D (Caused by ConnectTimeoutError(<HTTPSConnection(host='nef.revo360.io', port=10024) at 0x226da690280>, 'Connection to nef.revo360.io timed out. (connect timeout=15)'))
2026-08-03 08:01:36,574 [INFO] __main__.source.siscobra_uniao - Etapa prepare bloqueada por dependencia pendente. Pulando nesta tentativa.
2026-08-03 08:01:36,575 [INFO] __main__.source.siscobra_uniao - Etapa send_server desabilitada pelos targets do ciclo. Marcando como SKIPPED.
2026-08-03 08:01:36,578 [INFO] __main__.source.siscobra_uniao - Etapa send_ftp bloqueada por dependencia pendente. Pulando nesta tentativa.
2026-08-03 08:01:36,582 [INFO] __main__.source.siscobra_uniao - Enviando notificacao WhatsApp via WAHA (base_url=http://69.6.221.156:3000, session=default, destinatarios=3).
2026-08-03 08:01:46,607 [ERROR] __main__.source.siscobra_uniao - Falha ao enviar WhatsApp para 556793087866: HTTPConnectionPool(host='69.6.221.156', port=3000): Max retries exceeded with url: /api/sendText (Caused by ConnectTimeoutError(<HTTPConnection(host='69.6.221.156', port=3000) at 0x226da691ea0>, 'Connection to 69.6.221.156 timed out. (connect timeout=10)'))
2026-08-03 08:01:56,632 [ERROR] __main__.source.siscobra_uniao - Falha ao enviar WhatsApp para 556781386476: HTTPConnectionPool(host='69.6.221.156', port=3000): Max retries exceeded with url: /api/sendText (Caused by ConnectTimeoutError(<HTTPConnection(host='69.6.221.156', port=3000) at 0x226da6475b0>, 'Connection to 69.6.221.156 timed out. (connect timeout=10)'))
2026-08-03 08:02:06,656 [ERROR] __main__.source.siscobra_uniao - Falha ao enviar WhatsApp para 556781376048: HTTPConnectionPool(host='69.6.221.156', port=3000): Max retries exceeded with url: /api/sendText (Caused by ConnectTimeoutError(<HTTPConnection(host='69.6.221.156', port=3000) at 0x226da646b30>, 'Connection to 69.6.221.156 timed out. (connect timeout=10)'))
2026-08-03 08:02:07,655 [INFO] __main__.source.siscobra_uniao - Resumo enviado ao Google Chat.
2026-08-03 08:02:10,261 [INFO] __main__.source.siscobra_uniao - Metricas do source: started=2026-08-03T08:00:46 finished=2026-08-03T08:02:10 duration_s=83.766 category=not_found final_stage=download
2026-08-03 08:02:10,261 [INFO] __main__ - Lock de instancia removido: C:\Users\paulo.silva\nef-controldesk-revobot-siscobra\downloads\logs\revo360.lock
2026-08-03 08:02:10,261 [INFO] __main__ - Execucao interrompida pelo usuario (Ctrl+C).
